Component: ARM Compiler 5.06 update 6 (build 750) Tool: armlink [4d35ed]

==============================================================================

Section Cross References

    main.o(i.main) refers to ma_delay.o(i.MA_DELAY_Init) for MA_DELAY_Init
    main.o(i.main) refers to stm32f4xx_rcc.o(i.RCC_AHB1PeriphClockCmd) for RCC_AHB1PeriphClockCmd
    main.o(i.main) refers to stm32f4xx_rcc.o(i.RCC_APB1PeriphClockCmd) for RCC_APB1PeriphClockCmd
    main.o(i.main) refers to ma_gpio.o(i.MA_GPIO_MultiInit) for MA_GPIO_MultiInit
    main.o(i.main) refers to ma_gpio.o(i.MA_GPIO_Init) for MA_GPIO_Init
    main.o(i.main) refers to ma_tim.o(i.MA_TIM_TimeBaseInit) for MA_TIM_TimeBaseInit
    main.o(i.main) refers to stm32f4xx_tim.o(i.TIM_OC1Init) for TIM_OC1Init
    main.o(i.main) refers to stm32f4xx_tim.o(i.TIM_Cmd) for TIM_Cmd
    main.o(i.main) refers to stm32f4xx_tim.o(i.TIM_OC1PreloadConfig) for TIM_OC1PreloadConfig
    main.o(i.main) refers to stm32f4xx_tim.o(i.TIM_ARRPreloadConfig) for TIM_ARRPreloadConfig
    main.o(i.main) refers to rt_memcpy_w.o(.text) for __aeabi_memcpy4
    main.o(i.main) refers to ma_servo.o(i.SERVO_SetAngle) for SERVO_SetAngle
    main.o(i.main) refers to ma_delay.o(i.MA_DELAY_ms) for MA_DELAY_ms
    main.o(i.main) refers to system_stm32f4xx.o(.data) for SystemCoreClock
    ma_delay.o(i.MA_DELAY_Init) refers to system_stm32f4xx.o(.data) for SystemCoreClock
    ma_delay.o(i.MA_DELAY_ms) refers to ma_delay.o(.data) for delay_time
    ma_delay.o(i.SysTick_Handler) refers to ma_delay.o(.data) for delay_time
    ma_servo.o(i.SERVO_SetAngle) refers to stm32f4xx_gpio.o(i.GPIO_ToggleBits) for GPIO_ToggleBits
    ma_gpio.o(i.MA_GPIO_Init) refers to stm32f4xx_gpio.o(i.GPIO_Init) for GPIO_Init
    ma_gpio.o(i.MA_GPIO_Init) refers to ma_gpio.o(i.MA_GPIO_GetPinSource) for MA_GPIO_GetPinSource
    ma_gpio.o(i.MA_GPIO_Init) refers to stm32f4xx_gpio.o(i.GPIO_PinAFConfig) for GPIO_PinAFConfig
    ma_gpio.o(i.MA_GPIO_MultiInit) refers to ma_gpio.o(i.MA_GPIO_Init) for MA_GPIO_Init
    ma_tim.o(i.MA_TIM_CalcPrescaler) refers to system_stm32f4xx.o(.data) for SystemCoreClock
    ma_tim.o(i.MA_TIM_CompleteParameters) refers to ma_tim.o(i.MA_TIM_ObtainAPBx) for MA_TIM_ObtainAPBx
    ma_tim.o(i.MA_TIM_CompleteParameters) refers to ma_tim.o(i.MA_TIM_CalcPrescaler) for MA_TIM_CalcPrescaler
    ma_tim.o(i.MA_TIM_TimeBaseInit) refers to stm32f4xx_tim.o(i.TIM_DeInit) for TIM_DeInit
    ma_tim.o(i.MA_TIM_TimeBaseInit) refers to ma_tim.o(i.MA_TIM_CompleteParameters) for MA_TIM_CompleteParameters
    ma_tim.o(i.MA_TIM_TimeBaseInit) refers to stm32f4xx_tim.o(i.TIM_TimeBaseInit) for TIM_TimeBaseInit
    misc.o(i.NVIC_Init) refers to main.o(i.assert_failed) for assert_failed
    misc.o(i.NVIC_Init) refers to misc.o(.conststring) for .conststring
    misc.o(i.NVIC_PriorityGroupConfig) refers to main.o(i.assert_failed) for assert_failed
    misc.o(i.NVIC_PriorityGroupConfig) refers to misc.o(.conststring) for .conststring
    misc.o(i.NVIC_SetVectorTable) refers to main.o(i.assert_failed) for assert_failed
    misc.o(i.NVIC_SetVectorTable) refers to misc.o(.conststring) for .conststring
    misc.o(i.NVIC_SystemLPConfig) refers to main.o(i.assert_failed) for assert_failed
    misc.o(i.NVIC_SystemLPConfig) refers to misc.o(.conststring) for .conststring
    misc.o(i.SysTick_CLKSourceConfig) refers to main.o(i.assert_failed) for assert_failed
    misc.o(i.SysTick_CLKSourceConfig) refers to misc.o(.conststring) for .conststring
    stm32f4xx_gpio.o(i.GPIO_DeInit) refers to main.o(i.assert_failed) for assert_failed
    stm32f4xx_gpio.o(i.GPIO_DeInit) refers to stm32f4xx_rcc.o(i.RCC_AHB1PeriphResetCmd) for RCC_AHB1PeriphResetCmd
    stm32f4xx_gpio.o(i.GPIO_DeInit) refers to stm32f4xx_gpio.o(.conststring) for .conststring
    stm32f4xx_gpio.o(i.GPIO_Init) refers to main.o(i.assert_failed) for assert_failed
    stm32f4xx_gpio.o(i.GPIO_Init) refers to stm32f4xx_gpio.o(.conststring) for .conststring
    stm32f4xx_gpio.o(i.GPIO_PinAFConfig) refers to main.o(i.assert_failed) for assert_failed
    stm32f4xx_gpio.o(i.GPIO_PinAFConfig) refers to stm32f4xx_gpio.o(.conststring) for .conststring
    stm32f4xx_gpio.o(i.GPIO_PinLockConfig) refers to main.o(i.assert_failed) for assert_failed
    stm32f4xx_gpio.o(i.GPIO_PinLockConfig) refers to stm32f4xx_gpio.o(.conststring) for .conststring
    stm32f4xx_gpio.o(i.GPIO_ReadInputData) refers to main.o(i.assert_failed) for assert_failed
    stm32f4xx_gpio.o(i.GPIO_ReadInputData) refers to stm32f4xx_gpio.o(.conststring) for .conststring
    stm32f4xx_gpio.o(i.GPIO_ReadInputDataBit) refers to main.o(i.assert_failed) for assert_failed
    stm32f4xx_gpio.o(i.GPIO_ReadInputDataBit) refers to stm32f4xx_gpio.o(.conststring) for .conststring
    stm32f4xx_gpio.o(i.GPIO_ReadOutputData) refers to main.o(i.assert_failed) for assert_failed
    stm32f4xx_gpio.o(i.GPIO_ReadOutputData) refers to stm32f4xx_gpio.o(.conststring) for .conststring
[...]
    stm32f4xx_tim.o(i.TIM_GetPrescaler) refers to stm32f4xx_tim.o(.conststring) for .conststring
    stm32f4xx_tim.o(i.TIM_ICInit) refers to main.o(i.assert_failed) for assert_failed
    stm32f4xx_tim.o(i.TIM_ICInit) refers to stm32f4xx_tim.o(i.TI1_Config) for TI1_Config
    stm32f4xx_tim.o(i.TIM_ICInit) refers to stm32f4xx_tim.o(i.TIM_SetIC1Prescaler) for TIM_SetIC1Prescaler
    stm32f4xx_tim.o(i.TIM_ICInit) refers to stm32f4xx_tim.o(i.TI2_Config) for TI2_Config
    stm32f4xx_tim.o(i.TIM_ICInit) refers to stm32f4xx_tim.o(i.TIM_SetIC2Prescaler) for TIM_SetIC2Prescaler
    stm32f4xx_tim.o(i.TIM_ICInit) refers to stm32f4xx_tim.o(i.TI3_Config) for TI3_Config
    stm32f4xx_tim.o(i.TIM_ICInit) refers to stm32f4xx_tim.o(i.TIM_SetIC3Prescaler) for TIM_SetIC3Prescaler
    stm32f4xx_tim.o(i.TIM_ICInit) refers to stm32f4xx_tim.o(i.TI4_Config) for TI4_Config
    stm32f4xx_tim.o(i.TIM_ICInit) refers to stm32f4xx_tim.o(i.TIM_SetIC4Prescaler) for TIM_SetIC4Prescaler
    stm32f4xx_tim.o(i.TIM_ICInit) refers to stm32f4xx_tim.o(.conststring) for .conststring
    stm32f4xx_tim.o(i.TIM_ITConfig) refers to main.o(i.assert_failed) for assert_failed
    stm32f4xx_tim.o(i.TIM_ITConfig) refers to stm32f4xx_tim.o(.conststring) for .conststring
    stm32f4xx_tim.o(i.TIM_ITRxExternalClockConfig) refers to main.o(i.assert_failed) for assert_failed
    stm32f4xx_tim.o(i.TIM_ITRxExternalClockConfig) refers to stm32f4xx_tim.o(i.TIM_SelectInputTrigger) for TIM_SelectInputTrigger
    stm32f4xx_tim.o(i.TIM_ITRxExternalClockConfig) refers to stm32f4xx_tim.o(.conststring) for .conststring
    stm32f4xx_tim.o(i.TIM_InternalClockConfig) refers to main.o(i.assert_failed) for assert_failed
    stm32f4xx_tim.o(i.TIM_InternalClockConfig) refers to stm32f4xx_tim.o(.conststring) for .conststring
    stm32f4xx_tim.o(i.TIM_OC1FastConfig) refers to main.o(i.assert_failed) for assert_failed
    stm32f4xx_tim.o(i.TIM_OC1FastConfig) refers to stm32f4xx_tim.o(.conststring) for .conststring
    stm32f4xx_tim.o(i.TIM_OC1Init) refers to main.o(i.assert_failed) for assert_failed
    stm32f4xx_tim.o(i.TIM_OC1Init) refers to stm32f4xx_tim.o(.conststring) for .conststring
    stm32f4xx_tim.o(i.TIM_OC1NPolarityConfig) refers to main.o(i.assert_failed) for assert_failed
    stm32f4xx_tim.o(i.TIM_OC1NPolarityConfig) refers to stm32f4xx_tim.o(.conststring) for .conststring
    stm32f4xx_tim.o(i.TIM_OC1PolarityConfig) refers to main.o(i.assert_failed) for assert_failed
    stm32f4xx_tim.o(i.TIM_OC1PolarityConfig) refers to stm32f4xx_tim.o(.conststring) for .conststring
    stm32f4xx_tim.o(i.TIM_OC1PreloadConfig) refers to main.o(i.assert_failed) for assert_failed
    stm32f4xx_tim.o(i.TIM_OC1PreloadConfig) refers to stm32f4xx_tim.o(.conststring) for .conststring
    stm32f4xx_tim.o(i.TIM_OC2FastConfig) refers to main.o(i.assert_failed) for assert_failed
    stm32f4xx_tim.o(i.TIM_OC2FastConfig) refers to stm32f4xx_tim.o(.conststring) for .conststring
    stm32f4xx_tim.o(i.TIM_OC2Init) refers to main.o(i.assert_failed) for assert_failed
    stm32f4xx_tim.o(i.TIM_OC2Init) refers to stm32f4xx_tim.o(.conststring) for .conststring
    stm32f4xx_tim.o(i.TIM_OC2NPolarityConfig) refers to main.o(i.assert_failed) for assert_failed
    stm32f4xx_tim.o(i.TIM_OC2NPolarityConfig) refers to stm32f4xx_tim.o(.conststring) for .conststring
    stm32f4xx_tim.o(i.TIM_OC2PolarityConfig) refers to main.o(i.assert_failed) for assert_failed
    stm32f4xx_tim.o(i.TIM_OC2PolarityConfig) refers to stm32f4xx_tim.o(.conststring) for .conststring
    stm32f4xx_tim.o(i.TIM_OC2PreloadConfig) refers to main.o(i.assert_failed) for assert_failed
    stm32f4xx_tim.o(i.TIM_OC2PreloadConfig) refers to stm32f4xx_tim.o(.conststring) for .conststring
    stm32f4xx_tim.o(i.TIM_OC3FastConfig) refers to main.o(i.assert_failed) for assert_failed
    stm32f4xx_tim.o(i.TIM_OC3FastConfig) refers to stm32f4xx_tim.o(.conststring) for .conststring
    stm32f4xx_tim.o(i.TIM_OC3Init) refers to main.o(i.assert_failed) for assert_failed
    stm32f4xx_tim.o(i.TIM_OC3Init) refers to stm32f4xx_tim.o(.conststring) for .conststring
    stm32f4xx_tim.o(i.TIM_OC3NPolarityConfig) refers to main.o(i.assert_failed) for assert_failed
    stm32f4xx_tim.o(i.TIM_OC3NPolarityConfig) refers to stm32f4xx_tim.o(.conststring) for .conststring
    stm32f4xx_tim.o(i.TIM_OC3PolarityConfig) refers to main.o(i.assert_failed) for assert_failed
    stm32f4xx_tim.o(i.TIM_OC3PolarityConfig) refers to stm32f4xx_tim.o(.conststring) for .conststring
    stm32f4xx_tim.o(i.TIM_OC3PreloadConfig) refers to main.o(i.assert_failed) for assert_failed
    stm32f4xx_tim.o(i.TIM_OC3PreloadConfig) refers to stm32f4xx_tim.o(.conststring) for .conststring
    stm32f4xx_tim.o(i.TIM_OC4FastConfig) refers to main.o(i.assert_failed) for assert_failed
    stm32f4xx_tim.o(i.TIM_OC4FastConfig) refers to stm32f4xx_tim.o(.conststring) for .conststring
    stm32f4xx_tim.o(i.TIM_OC4Init) refers to main.o(i.assert_failed) for assert_failed
    stm32f4xx_tim.o(i.TIM_OC4Init) refers to stm32f4xx_tim.o(.conststring) for .conststring
    stm32f4xx_tim.o(i.TIM_OC4PolarityConfig) refers to main.o(i.assert_failed) for assert_failed
    stm32f4xx_tim.o(i.TIM_OC4PolarityConfig) refers to stm32f4xx_tim.o(.conststring) for .conststring
    stm32f4xx_tim.o(i.TIM_OC4PreloadConfig) refers to main.o(i.assert_failed) for assert_failed
    stm32f4xx_tim.o(i.TIM_OC4PreloadConfig) refers to stm32f4xx_tim.o(.conststring) for .conststring
    stm32f4xx_tim.o(i.TIM_PWMIConfig) refers to main.o(i.assert_failed) for assert_failed
    stm32f4xx_tim.o(i.TIM_PWMIConfig) refers to stm32f4xx_tim.o(i.TI1_Config) for TI1_Config
    stm32f4xx_tim.o(i.TIM_PWMIConfig) refers to stm32f4xx_tim.o(i.TIM_SetIC1Prescaler) for TIM_SetIC1Prescaler
    stm32f4xx_tim.o(i.TIM_PWMIConfig) refers to stm32f4xx_tim.o(i.TI2_Config) for TI2_Config
    stm32f4xx_tim.o(i.TIM_PWMIConfig) refers to stm32f4xx_tim.o(i.TIM_SetIC2Prescaler) for TIM_SetIC2Prescaler
    stm32f4xx_tim.o(i.TIM_PWMIConfig) refers to stm32f4xx_tim.o(.conststring) for .conststring
    stm32f4xx_tim.o(i.TIM_PrescalerConfig) refers to main.o(i.assert_failed) for assert_failed
    stm32f4xx_tim.o(i.TIM_PrescalerConfig) refers to stm32f4xx_tim.o(.conststring) for .conststring
    stm32f4xx_tim.o(i.TIM_RemapConfig) refers to main.o(i.assert_failed) for assert_failed
    stm32f4xx_tim.o(i.TIM_RemapConfig) refers to stm32f4xx_tim.o(.conststring) for .conststring
    stm32f4xx_tim.o(i.TIM_SelectCCDMA) refers to main.o(i.assert_failed) for assert_failed
    stm32f4xx_tim.o(i.TIM_SelectCCDMA) refers to stm32f4xx_tim.o(.conststring) for .conststring
    stm32f4xx_tim.o(i.TIM_SelectCOM) refers to main.o(i.assert_failed) for assert_failed
    stm32f4xx_tim.o(i.TIM_SelectCOM) refers to stm32f4xx_tim.o(.conststring) for .conststring
    stm32f4xx_tim.o(i.TIM_SelectHallSensor) refers to main.o(i.assert_failed) for assert_failed
    stm32f4xx_tim.o(i.TIM_SelectHallSensor) refers to stm32f4xx_tim.o(.conststring) for .conststring
    stm32f4xx_tim.o(i.TIM_SelectInputTrigger) refers to main.o(i.assert_failed) for assert_failed
    stm32f4xx_tim.o(i.TIM_SelectInputTrigger) refers to stm32f4xx_tim.o(.conststring) for .conststring
    stm32f4xx_tim.o(i.TIM_SelectMasterSlaveMode) refers to main.o(i.assert_failed) for assert_failed
    stm32f4xx_tim.o(i.TIM_SelectMasterSlaveMode) refers to stm32f4xx_tim.o(.conststring) for .conststring
    stm32f4xx_tim.o(i.TIM_SelectOCxM) refers to main.o(i.assert_failed) for assert_failed
    stm32f4xx_tim.o(i.TIM_SelectOCxM) refers to stm32f4xx_tim.o(.conststring) for .conststring
    stm32f4xx_tim.o(i.TIM_SelectOnePulseMode) refers to main.o(i.assert_failed) for assert_failed
    stm32f4xx_tim.o(i.TIM_SelectOnePulseMode) refers to stm32f4xx_tim.o(.conststring) for .conststring
    stm32f4xx_tim.o(i.TIM_SelectOutputTrigger) refers to main.o(i.assert_failed) for assert_failed
    stm32f4xx_tim.o(i.TIM_SelectOutputTrigger) refers to stm32f4xx_tim.o(.conststring) for .conststring
    stm32f4xx_tim.o(i.TIM_SelectSlaveMode) refers to main.o(i.assert_failed) for assert_failed
    stm32f4xx_tim.o(i.TIM_SelectSlaveMode) refers to stm32f4xx_tim.o(.conststring) for .conststring
    stm32f4xx_tim.o(i.TIM_SetAutoreload) refers to main.o(i.assert_failed) for assert_failed
    stm32f4xx_tim.o(i.TIM_SetAutoreload) refers to stm32f4xx_tim.o(.conststring) for .conststring
    stm32f4xx_tim.o(i.TIM_SetClockDivision) refers to main.o(i.assert_failed) for assert_failed
    stm32f4xx_tim.o(i.TIM_SetClockDivision) refers to stm32f4xx_tim.o(.conststring) for .conststring
    stm32f4xx_tim.o(i.TIM_SetCompare1) refers to main.o(i.assert_failed) for assert_failed
    stm32f4xx_tim.o(i.TIM_SetCompare1) refers to stm32f4xx_tim.o(.conststring) for .conststring
    stm32f4xx_tim.o(i.TIM_SetCompare2) refers to main.o(i.assert_failed) for assert_failed
    stm32f4xx_tim.o(i.TIM_SetCompare2) refers to stm32f4xx_tim.o(.conststring) for .conststring
    stm32f4xx_tim.o(i.TIM_SetCompare3) refers to main.o(i.assert_failed) for assert_failed
    stm32f4xx_tim.o(i.TIM_SetCompare3) refers to stm32f4xx_tim.o(.conststring) for .conststring
    stm32f4xx_tim.o(i.TIM_SetCompare4) refers to main.o(i.assert_failed) for assert_failed
    stm32f4xx_tim.o(i.TIM_SetCompare4) refers to stm32f4xx_tim.o(.conststring) for .conststring
    stm32f4xx_tim.o(i.TIM_SetCounter) refers to main.o(i.assert_failed) for assert_failed
    stm32f4xx_tim.o(i.TIM_SetCounter) refers to stm32f4xx_tim.o(.conststring) for .conststring
    stm32f4xx_tim.o(i.TIM_SetIC1Prescaler) refers to main.o(i.assert_failed) for assert_failed
    stm32f4xx_tim.o(i.TIM_SetIC1Prescaler) refers to stm32f4xx_tim.o(.conststring) for .conststring
    stm32f4xx_tim.o(i.TIM_SetIC2Prescaler) refers to main.o(i.assert_failed) for assert_failed
    stm32f4xx_tim.o(i.TIM_SetIC2Prescaler) refers to stm32f4xx_tim.o(.conststring) for .conststring
    stm32f4xx_tim.o(i.TIM_SetIC3Prescaler) refers to main.o(i.assert_failed) for assert_failed
    stm32f4xx_tim.o(i.TIM_SetIC3Prescaler) refers to stm32f4xx_tim.o(.conststring) for .conststring
    stm32f4xx_tim.o(i.TIM_SetIC4Prescaler) refers to main.o(i.assert_failed) for assert_failed
    stm32f4xx_tim.o(i.TIM_SetIC4Prescaler) refers to stm32f4xx_tim.o(.conststring) for .conststring
    stm32f4xx_tim.o(i.TIM_TIxExternalClockConfig) refers to main.o(i.assert_failed) for assert_failed
    stm32f4xx_tim.o(i.TIM_TIxExternalClockConfig) refers to stm32f4xx_tim.o(i.TI2_Config) for TI2_Config
    stm32f4xx_tim.o(i.TIM_TIxExternalClockConfig) refers to stm32f4xx_tim.o(i.TI1_Config) for TI1_Config
    stm32f4xx_tim.o(i.TIM_TIxExternalClockConfig) refers to stm32f4xx_tim.o(i.TIM_SelectInputTrigger) for TIM_SelectInputTrigger
    stm32f4xx_tim.o(i.TIM_TIxExternalClockConfig) refers to stm32f4xx_tim.o(.conststring) for .conststring
    stm32f4xx_tim.o(i.TIM_TimeBaseInit) refers to main.o(i.assert_failed) for assert_failed
    stm32f4xx_tim.o(i.TIM_TimeBaseInit) refers to stm32f4xx_tim.o(.conststring) for .conststring
    stm32f4xx_tim.o(i.TIM_UpdateDisableConfig) refers to main.o(i.assert_failed) for assert_failed
    stm32f4xx_tim.o(i.TIM_UpdateDisableConfig) refers to stm32f4xx_tim.o(.conststring) for .conststring
    stm32f4xx_tim.o(i.TIM_UpdateRequestConfig) refers to main.o(i.assert_failed) for assert_failed
    stm32f4xx_tim.o(i.TIM_UpdateRequestConfig) refers to stm32f4xx_tim.o(.conststring) for .conststring
    startup_stm32f40_41xxx.o(STACK) refers (Special) to heapauxi.o(.text) for __use_two_region_memory
    startup_stm32f40_41xxx.o(HEAP) refers (Special) to heapauxi.o(.text) for __use_two_region_memory
    startup_stm32f40_41xxx.o(RESET) refers (Special) to heapauxi.o(.text) for __use_two_region_memory
    startup_stm32f40_41xxx.o(RESET) refers to startup_stm32f40_41xxx.o(STACK) for __initial_sp
    startup_stm32f40_41xxx.o(RESET) refers to startup_stm32f40_41xxx.o(.text) for Reset_Handler
    startup_stm32f40_41xxx.o(RESET) refers to ma_delay.o(i.SysTick_Handler) for SysTick_Handler
    startup_stm32f40_41xxx.o(.text) refers (Special) to heapauxi.o(.text) for __use_two_region_memory
    startup_stm32f40_41xxx.o(.text) refers to system_stm32f4xx.o(i.SystemInit) for SystemInit
    startup_stm32f40_41xxx.o(.text) refers to __main.o(!!!main) for __main
    startup_stm32f40_41xxx.o(.text) refers to startup_stm32f40_41xxx.o(HEAP) for Heap_Mem
    startup_stm32f40_41xxx.o(.text) refers to startup_stm32f40_41xxx.o(STACK) for Stack_Mem
    system_stm32f4xx.o(i.SystemCoreClockUpdate) refers to system_stm32f4xx.o(.data) for SystemCoreClock
    system_stm32f4xx.o(i.SystemInit) refers to system_stm32f4xx.o(i.SetSysClock) for SetSysClock
    __main.o(!!!main) refers to __rtentry.o(.ARM.Collect$$rtentry$$00000000) for __rt_entry
    __rtentry.o(.ARM.Collect$$rtentry$$00000000) refers (Special) to __rtentry2.o(.ARM.Collect$$rtentry$$0000000A) for __rt_entry_li
    __rtentry.o(.ARM.Collect$$rtentry$$00000000) refers (Special) to __rtentry2.o(.ARM.Collect$$rtentry$$0000000D) for __rt_entry_main
    __rtentry.o(.ARM.Collect$$rtentry$$00000000) refers (Special) to __rtentry2.o(.ARM.Collect$$rtentry$$0000000C) for __rt_entry_postli_1
    __rtentry.o(.ARM.Collect$$rtentry$$00000000) refers (Special) to __rtentry2.o(.ARM.Collect$$rtentry$$00000009) for __rt_entry_postsh_1
    __rtentry.o(.ARM.Collect$$rtentry$$00000000) refers (Special) to __rtentry2.o(.ARM.Collect$$rtentry$$00000002) for __rt_entry_presh_1
    __rtentry.o(.ARM.Collect$$rtentry$$00000000) refers (Special) to __rtentry4.o(.ARM.Collect$$rtentry$$00000004) for __rt_entry_sh
    __rtentry2.o(.ARM.Collect$$rtentry$$00000008) refers to boardinit2.o(.text) for _platform_post_stackheap_init
    __rtentry2.o(.ARM.Collect$$rtentry$$0000000A) refers to libinit.o(.ARM.Collect$$libinit$$00000000) for __rt_lib_init
    __rtentry2.o(.ARM.Collect$$rtentry$$0000000B) refers to boardinit3.o(.text) for _platform_post_lib_init
    __rtentry2.o(.ARM.Collect$$rtentry$$0000000D) refers to main.o(i.main) for main
    __rtentry2.o(.ARM.Collect$$rtentry$$0000000D) refers to exit.o(.text) for exit
    __rtentry2.o(.ARM.exidx) refers to __rtentry2.o(.ARM.Collect$$rtentry$$00000001) for .ARM.Collect$$rtentry$$00000001
    __rtentry2.o(.ARM.exidx) refers to __rtentry2.o(.ARM.Collect$$rtentry$$00000008) for .ARM.Collect$$rtentry$$00000008
    __rtentry2.o(.ARM.exidx) refers to __rtentry2.o(.ARM.Collect$$rtentry$$0000000A) for .ARM.Collect$$rtentry$$0000000A
    __rtentry2.o(.ARM.exidx) refers to __rtentry2.o(.ARM.Collect$$rtentry$$0000000B) for .ARM.Collect$$rtentry$$0000000B
    __rtentry2.o(.ARM.exidx) refers to __rtentry2.o(.ARM.Collect$$rtentry$$0000000D) for .ARM.Collect$$rtentry$$0000000D
    __rtentry4.o(.ARM.Collect$$rtentry$$00000004) refers to sys_stackheap_outer.o(.text) for __user_setup_stackheap
    __rtentry4.o(.ARM.exidx) refers to __rtentry4.o(.ARM.Collect$$rtentry$$00000004) for .ARM.Collect$$rtentry$$00000004
    sys_stackheap_outer.o(.text) refers to libspace.o(.text) for __user_perproc_libspace
    sys_stackheap_outer.o(.text) refers to startup_stm32f40_41xxx.o(.text) for __user_initial_stackheap
    exit.o(.text) refers to rtexit.o(.ARM.Collect$$rtexit$$00000000) for __rt_exit
    libinit.o(.ARM.Collect$$libinit$$00000000) refers (Special) to libinit2.o(.ARM.Collect$$libinit$$0000002E) for __rt_lib_init_alloca_1
    libinit.o(.ARM.Collect$$libinit$$00000000) refers (Special) to libinit2.o(.ARM.Collect$$libinit$$0000002C) for __rt_lib_init_argv_1
    libinit.o(.ARM.Collect$$libinit$$00000000) refers (Special) to libinit2.o(.ARM.Collect$$libinit$$0000001B) for __rt_lib_init_atexit_1
    libinit.o(.ARM.Collect$$libinit$$00000000) refers (Special) to libinit2.o(.ARM.Collect$$libinit$$00000021) for __rt_lib_init_clock_1
    libinit.o(.ARM.Collect$$libinit$$00000000) refers (Special) to libinit2.o(.ARM.Collect$$libinit$$00000032) for __rt_lib_init_cpp_1
    libinit.o(.ARM.Collect$$libinit$$00000000) refers (Special) to libinit2.o(.ARM.Collect$$libinit$$00000030) for __rt_lib_init_exceptions_1
    libinit.o(.ARM.Collect$$libinit$$00000000) refers (Special) to libinit2.o(.ARM.Collect$$libinit$$00000001) for __rt_lib_init_fp_1
    libinit.o(.ARM.Collect$$libinit$$00000000) refers (Special) to libinit2.o(.ARM.Collect$$libinit$$0000001F) for __rt_lib_init_fp_trap_1
    libinit.o(.ARM.Collect$$libinit$$00000000) refers (Special) to libinit2.o(.ARM.Collect$$libinit$$00000023) for __rt_lib_init_getenv_1
    libinit.o(.ARM.Collect$$libinit$$00000000) refers (Special) to libinit2.o(.ARM.Collect$$libinit$$0000000A) for __rt_lib_init_heap_1
    libinit.o(.ARM.Collect$$libinit$$00000000) refers (Special) to libinit2.o(.ARM.Collect$$libinit$$00000011) for __rt_lib_init_lc_collate_1
    libinit.o(.ARM.Collect$$libinit$$00000000) refers (Special) to libinit2.o(.ARM.Collect$$libinit$$00000013) for __rt_lib_init_lc_ctype_1
    libinit.o(.ARM.Collect$$libinit$$00000000) refers (Special) to libinit2.o(.ARM.Collect$$libinit$$00000015) for __rt_lib_init_lc_monetary_1
    libinit.o(.ARM.Collect$$libinit$$00000000) refers (Special) to libinit2.o(.ARM.Collect$$libinit$$00000017) for __rt_lib_init_lc_numeric_1
    libinit.o(.ARM.Collect$$libinit$$00000000) refers (Special) to libinit2.o(.ARM.Collect$$libinit$$00000019) for __rt_lib_init_lc_time_1
    libinit.o(.ARM.Collect$$libinit$$00000000) refers (Special) to libinit2.o(.ARM.Collect$$libinit$$00000004) for __rt_lib_init_preinit_1
    libinit.o(.ARM.Collect$$libinit$$00000000) refers (Special) to libinit2.o(.ARM.Collect$$libinit$$0000000E) for __rt_lib_init_rand_1
    libinit.o(.ARM.Collect$$libinit$$00000000) refers (Special) to libinit2.o(.ARM.Collect$$libinit$$00000033) for __rt_lib_init_return
    libinit.o(.ARM.Collect$$libinit$$00000000) refers (Special) to libinit2.o(.ARM.Collect$$libinit$$0000001D) for __rt_lib_init_signal_1
    libinit.o(.ARM.Collect$$libinit$$00000000) refers (Special) to libinit2.o(.ARM.Collect$$libinit$$00000025) for __rt_lib_init_stdio_1
    libinit.o(.ARM.Collect$$libinit$$00000000) refers (Special) to libinit2.o(.ARM.Collect$$libinit$$0000000C) for __rt_lib_init_user_alloc_1
    libspace.o(.text) refers to libspace.o(.bss) for __libspace_start
    rtexit.o(.ARM.Collect$$rtexit$$00000000) refers (Special) to rtexit2.o(.ARM.Collect$$rtexit$$00000004) for __rt_exit_exit
    rtexit.o(.ARM.Collect$$rtexit$$00000000) refers (Special) to rtexit2.o(.ARM.Collect$$rtexit$$00000003) for __rt_exit_ls
    rtexit.o(.ARM.Collect$$rtexit$$00000000) refers (Special) to rtexit2.o(.ARM.Collect$$rtexit$$00000002) for __rt_exit_prels_1
    rtexit.o(.ARM.exidx) refers (Special) to rtexit2.o(.ARM.Collect$$rtexit$$00000004) for __rt_exit_exit
    rtexit.o(.ARM.exidx) refers (Special) to rtexit2.o(.ARM.Collect$$rtexit$$00000003) for __rt_exit_ls
    rtexit.o(.ARM.exidx) refers (Special) to rtexit2.o(.ARM.Collect$$rtexit$$00000002) for __rt_exit_prels_1
    rtexit.o(.ARM.exidx) refers to rtexit.o(.ARM.Collect$$rtexit$$00000000) for .ARM.Collect$$rtexit$$00000000
    libinit2.o(.ARM.Collect$$libinit$$00000001) refers to fpinit.o(x$fpl$fpinit) for _fp_init
    libinit2.o(.ARM.Collect$$libinit$$00000010) refers to libinit2.o(.ARM.Collect$$libinit$$0000000F) for .ARM.Collect$$libinit$$0000000F
    libinit2.o(.ARM.Collect$$libinit$$00000012) refers to libinit2.o(.ARM.Collect$$libinit$$0000000F) for .ARM.Collect$$libinit$$0000000F
    libinit2.o(.ARM.Collect$$libinit$$00000014) refers to libinit2.o(.ARM.Collect$$libinit$$0000000F) for .ARM.Collect$$libinit$$0000000F
    libinit2.o(.ARM.Collect$$libinit$$00000016) refers to libinit2.o(.ARM.Collect$$libinit$$0000000F) for .ARM.Collect$$libinit$$0000000F
    libinit2.o(.ARM.Collect$$libinit$$00000018) refers to libinit2.o(.ARM.Collect$$libinit$$0000000F) for .ARM.Collect$$libinit$$0000000F
    libinit2.o(.ARM.Collect$$libinit$$00000026) refers to argv_veneer.o(.emb_text) for __ARM_argv_veneer
    libinit2.o(.ARM.Collect$$libinit$$00000027) refers to argv_veneer.o(.emb_text) for __ARM_argv_veneer
    rtexit2.o(.ARM.Collect$$rtexit$$00000003) refers to libshutdown.o(.ARM.Collect$$libshutdown$$00000000) for __rt_lib_shutdown
    rtexit2.o(.ARM.Collect$$rtexit$$00000004) refers to sys_exit.o(.text) for _sys_exit
    rtexit2.o(.ARM.exidx) refers to rtexit2.o(.ARM.Collect$$rtexit$$00000001) for .ARM.Collect$$rtexit$$00000001
    rtexit2.o(.ARM.exidx) refers to rtexit2.o(.ARM.Collect$$rtexit$$00000003) for .ARM.Collect$$rtexit$$00000003
    rtexit2.o(.ARM.exidx) refers to rtexit2.o(.ARM.Collect$$rtexit$$00000004) for .ARM.Collect$$rtexit$$00000004
    argv_veneer.o(.emb_text) refers to no_argv.o(.text) for __ARM_get_argv
    sys_exit.o(.text) refers (Special) to use_no_semi.o(.text) for __I$use$semihosting
    sys_exit.o(.text) refers (Special) to indicate_semi.o(.text) for __semihosting_library_function
    _get_argv_nomalloc.o(.text) refers (Special) to hrguard.o(.text) for __heap_region$guard
    _get_argv_nomalloc.o(.text) refers to defsig_rtmem_outer.o(.text) for __rt_SIGRTMEM
    _get_argv_nomalloc.o(.text) refers to sys_command.o(.text) for _sys_command_string
    libshutdown.o(.ARM.Collect$$libshutdown$$00000000) refers (Special) to libshutdown2.o(.ARM.Collect$$libshutdown$$00000002) for __rt_lib_shutdown_cpp_1
    libshutdown.o(.ARM.Collect$$libshutdown$$00000000) refers (Special) to libshutdown2.o(.ARM.Collect$$libshutdown$$00000007) for __rt_lib_shutdown_fp_trap_1
    libshutdown.o(.ARM.Collect$$libshutdown$$00000000) refers (Special) to libshutdown2.o(.ARM.Collect$$libshutdown$$0000000F) for __rt_lib_shutdown_heap_1
    libshutdown.o(.ARM.Collect$$libshutdown$$00000000) refers (Special) to libshutdown2.o(.ARM.Collect$$libshutdown$$00000010) for __rt_lib_shutdown_return
    libshutdown.o(.ARM.Collect$$libshutdown$$00000000) refers (Special) to libshutdown2.o(.ARM.Collect$$libshutdown$$0000000A) for __rt_lib_shutdown_signal_1
    libshutdown.o(.ARM.Collect$$libshutdown$$00000000) refers (Special) to libshutdown2.o(.ARM.Collect$$libshutdown$$00000004) for __rt_lib_shutdown_stdio_1
    libshutdown.o(.ARM.Collect$$libshutdown$$00000000) refers (Special) to libshutdown2.o(.ARM.Collect$$libshutdown$$0000000C) for __rt_lib_shutdown_user_alloc_1
    sys_command.o(.text) refers (Special) to use_no_semi.o(.text) for __I$use$semihosting
    sys_command.o(.text) refers (Special) to indicate_semi.o(.text) for __semihosting_library_function
    defsig_rtmem_outer.o(.text) refers to defsig_rtmem_inner.o(.text) for __rt_SIGRTMEM_inner
    defsig_rtmem_outer.o(.text) refers to defsig_exit.o(.text) for __sig_exit
    defsig_rtmem_formal.o(.text) refers to rt_raise.o(.text) for __rt_raise
    rt_raise.o(.text) refers to __raise.o(.text) for __raise
    rt_raise.o(.text) refers to sys_exit.o(.text) for _sys_exit
    defsig_exit.o(.text) refers to sys_exit.o(.text) for _sys_exit
    defsig_rtmem_inner.o(.text) refers to defsig_general.o(.text) for __default_signal_display
    __raise.o(.text) refers to defsig.o(CL$$defsig) for __default_signal_handler
    defsig_general.o(.text) refers to sys_wrch.o(.text) for _ttywrch
    sys_wrch.o(.text) refers (Special) to use_no_semi.o(.text) for __I$use$semihosting
    sys_wrch.o(.text) refers (Special) to indicate_semi.o(.text) for __semihosting_library_function
    defsig.o(CL$$defsig) refers to defsig_rtmem_inner.o(.text) for __rt_SIGRTMEM_inner
    defsig_abrt_inner.o(.text) refers to defsig_general.o(.text) for __default_signal_display
    defsig_fpe_inner.o(.text) refers to defsig_general.o(.text) for __default_signal_display
    defsig_rtred_inner.o(.text) refers to defsig_general.o(.text) for __default_signal_display
    defsig_stak_inner.o(.text) refers to defsig_general.o(.text) for __default_signal_display
    defsig_pvfn_inner.o(.text) refers to defsig_general.o(.text) for __default_signal_display
    defsig_cppl_inner.o(.text) refers to defsig_general.o(.text) for __default_signal_display
    defsig_segv_inner.o(.text) refers to defsig_general.o(.text) for __default_signal_display
    defsig_other.o(.text) refers to defsig_general.o(.text) for __default_signal_display


==============================================================================

Removing Unused input sections from the image.

    Removing main.o(.rev16_text), (4 bytes).
    Removing main.o(.revsh_text), (4 bytes).
    Removing main.o(.rrx_text), (6 bytes).
    Removing ma_delay.o(.rev16_text), (4 bytes).
    Removing ma_delay.o(.revsh_text), (4 bytes).
    Removing ma_delay.o(.rrx_text), (6 bytes).
    Removing ma_servo.o(.rev16_text), (4 bytes).
    Removing ma_servo.o(.revsh_text), (4 bytes).
    Removing ma_servo.o(.rrx_text), (6 bytes).
    Removing ma_gpio.o(.rev16_text), (4 bytes).
    Removing ma_gpio.o(.revsh_text), (4 bytes).
    Removing ma_gpio.o(.rrx_text), (6 bytes).
    Removing ma_gpio.o(i.MA_GPIO_GetPortSource), (14 bytes).
    Removing ma_tim.o(.rev16_text), (4 bytes).
    Removing ma_tim.o(.revsh_text), (4 bytes).
    Removing ma_tim.o(.rrx_text), (6 bytes).
    Removing misc.o(.rev16_text), (4 bytes).
    Removing misc.o(.revsh_text), (4 bytes).
    Removing misc.o(.rrx_text), (6 bytes).
    Removing misc.o(i.NVIC_Init), (180 bytes).
    Removing misc.o(i.NVIC_PriorityGroupConfig), (68 bytes).
    Removing misc.o(i.NVIC_SetVectorTable), (76 bytes).
    Removing misc.o(i.NVIC_SystemLPConfig), (80 bytes).
    Removing misc.o(i.SysTick_CLKSourceConfig), (68 bytes).
    Removing misc.o(.conststring), (103 bytes).
    Removing stm32f4xx_gpio.o(.rev16_text), (4 bytes).
    Removing stm32f4xx_gpio.o(.revsh_text), (4 bytes).
    Removing stm32f4xx_gpio.o(.rrx_text), (6 bytes).
    Removing stm32f4xx_gpio.o(i.GPIO_DeInit), (392 bytes).
    Removing stm32f4xx_gpio.o(i.GPIO_PinLockConfig), (184 bytes).
    Removing stm32f4xx_gpio.o(i.GPIO_ReadInputData), (136 bytes).
    Removing stm32f4xx_gpio.o(i.GPIO_ReadInputDataBit), (244 bytes).
    Removing stm32f4xx_gpio.o(i.GPIO_ReadOutputData), (136 bytes).
    Removing stm32f4xx_gpio.o(i.GPIO_ReadOutputDataBit), (244 bytes).
    Removing stm32f4xx_gpio.o(i.GPIO_ResetBits), (156 bytes).
    Removing stm32f4xx_gpio.o(i.GPIO_SetBits), (156 bytes).
    Removing stm32f4xx_gpio.o(i.GPIO_StructInit), (18 bytes).
    Removing stm32f4xx_gpio.o(i.GPIO_Write), (136 bytes).
    Removing stm32f4xx_gpio.o(i.GPIO_WriteBit), (256 bytes).
    Removing stm32f4xx_rcc.o(.rev16_text), (4 bytes).
    Removing stm32f4xx_rcc.o(.revsh_text), (4 bytes).
    Removing stm32f4xx_rcc.o(.rrx_text), (6 bytes).
    Removing stm32f4xx_rcc.o(i.RCC_AHB1PeriphClockLPModeCmd), (84 bytes).
    Removing stm32f4xx_rcc.o(i.RCC_AHB1PeriphResetCmd), (84 bytes).
    Removing stm32f4xx_rcc.o(i.RCC_AHB2PeriphClockCmd), (80 bytes).
    Removing stm32f4xx_rcc.o(i.RCC_AHB2PeriphClockLPModeCmd), (80 bytes).
    Removing stm32f4xx_rcc.o(i.RCC_AHB2PeriphResetCmd), (80 bytes).
    Removing stm32f4xx_rcc.o(i.RCC_AHB3PeriphClockCmd), (80 bytes).
    Removing stm32f4xx_rcc.o(i.RCC_AHB3PeriphClockLPModeCmd), (80 bytes).
    Removing stm32f4xx_rcc.o(i.RCC_AHB3PeriphResetCmd), (80 bytes).
    Removing stm32f4xx_rcc.o(i.RCC_APB1PeriphClockLPModeCmd), (84 bytes).
    Removing stm32f4xx_rcc.o(i.RCC_APB2PeriphClockCmd), (84 bytes).
    Removing stm32f4xx_rcc.o(i.RCC_APB2PeriphClockLPModeCmd), (84 bytes).
    Removing stm32f4xx_rcc.o(i.RCC_AdjustHSICalibrationValue), (48 bytes).
    Removing stm32f4xx_rcc.o(i.RCC_BackupResetCmd), (36 bytes).
    Removing stm32f4xx_rcc.o(i.RCC_ClearFlag), (20 bytes).
    Removing stm32f4xx_rcc.o(i.RCC_ClearITPendingBit), (32 bytes).
    Removing stm32f4xx_rcc.o(i.RCC_ClockSecuritySystemCmd), (36 bytes).
    Removing stm32f4xx_rcc.o(i.RCC_DeInit), (100 bytes).
    Removing stm32f4xx_rcc.o(i.RCC_GetClocksFreq), (232 bytes).
    Removing stm32f4xx_rcc.o(i.RCC_GetFlagStatus), (144 bytes).
    Removing stm32f4xx_rcc.o(i.RCC_GetITStatus), (76 bytes).
    Removing stm32f4xx_rcc.o(i.RCC_GetSYSCLKSource), (16 bytes).
    Removing stm32f4xx_rcc.o(i.RCC_HCLKConfig), (76 bytes).
    Removing stm32f4xx_rcc.o(i.RCC_HSEConfig), (48 bytes).
    Removing stm32f4xx_rcc.o(i.RCC_HSICmd), (36 bytes).
    Removing stm32f4xx_rcc.o(i.RCC_I2SCLKConfig), (36 bytes).
    Removing stm32f4xx_rcc.o(i.RCC_ITConfig), (80 bytes).
    Removing stm32f4xx_rcc.o(i.RCC_LSEConfig), (76 bytes).
    Removing stm32f4xx_rcc.o(i.RCC_LSICmd), (36 bytes).
    Removing stm32f4xx_rcc.o(i.RCC_LTDCCLKDivConfig), (60 bytes).
    Removing stm32f4xx_rcc.o(i.RCC_MCO1Config), (108 bytes).
    Removing stm32f4xx_rcc.o(i.RCC_MCO2Config), (108 bytes).
    Removing stm32f4xx_rcc.o(i.RCC_PCLK1Config), (68 bytes).
    Removing stm32f4xx_rcc.o(i.RCC_PCLK2Config), (68 bytes).
    Removing stm32f4xx_rcc.o(i.RCC_PLLCmd), (36 bytes).
    Removing stm32f4xx_rcc.o(i.RCC_PLLConfig), (164 bytes).
    Removing stm32f4xx_rcc.o(i.RCC_PLLI2SCmd), (36 bytes).
    Removing stm32f4xx_rcc.o(i.RCC_PLLI2SConfig), (68 bytes).
    Removing stm32f4xx_rcc.o(i.RCC_PLLSAICmd), (36 bytes).
    Removing stm32f4xx_rcc.o(i.RCC_PLLSAIConfig), (76 bytes).
    Removing stm32f4xx_rcc.o(i.RCC_RTCCLKCmd), (36 bytes).
    Removing stm32f4xx_rcc.o(i.RCC_RTCCLKConfig), (392 bytes).
    Removing stm32f4xx_rcc.o(i.RCC_SAIBlockACLKConfig), (56 bytes).
    Removing stm32f4xx_rcc.o(i.RCC_SAIBlockBCLKConfig), (56 bytes).
    Removing stm32f4xx_rcc.o(i.RCC_SAIPLLI2SClkDivConfig), (52 bytes).
    Removing stm32f4xx_rcc.o(i.RCC_SAIPLLSAIClkDivConfig), (56 bytes).
    Removing stm32f4xx_rcc.o(i.RCC_SYSCLKConfig), (52 bytes).
    Removing stm32f4xx_rcc.o(i.RCC_TIMCLKPresConfig), (36 bytes).
    Removing stm32f4xx_rcc.o(i.RCC_WaitForHSEStartUp), (56 bytes).
    Removing stm32f4xx_rcc.o(.data), (16 bytes).
    Removing stm32f4xx_tim.o(.rev16_text), (4 bytes).
    Removing stm32f4xx_tim.o(.revsh_text), (4 bytes).
    Removing stm32f4xx_tim.o(.rrx_text), (6 bytes).
    Removing stm32f4xx_tim.o(i.TI1_Config), (58 bytes).
    Removing stm32f4xx_tim.o(i.TI2_Config), (80 bytes).
    Removing stm32f4xx_tim.o(i.TI3_Config), (72 bytes).
    Removing stm32f4xx_tim.o(i.TI4_Config), (80 bytes).
    Removing stm32f4xx_tim.o(i.TIM_BDTRConfig), (236 bytes).
    Removing stm32f4xx_tim.o(i.TIM_BDTRStructInit), (18 bytes).
    Removing stm32f4xx_tim.o(i.TIM_CCPreloadControl), (84 bytes).
    Removing stm32f4xx_tim.o(i.TIM_CCxCmd), (216 bytes).
    Removing stm32f4xx_tim.o(i.TIM_CCxNCmd), (116 bytes).
    Removing stm32f4xx_tim.o(i.TIM_ClearFlag), (164 bytes).
    Removing stm32f4xx_tim.o(i.TIM_ClearITPendingBit), (164 bytes).
    Removing stm32f4xx_tim.o(i.TIM_ClearOC1Ref), (172 bytes).
    Removing stm32f4xx_tim.o(i.TIM_ClearOC2Ref), (140 bytes).
    Removing stm32f4xx_tim.o(i.TIM_ClearOC3Ref), (112 bytes).
    Removing stm32f4xx_tim.o(i.TIM_ClearOC4Ref), (120 bytes).
    Removing stm32f4xx_tim.o(i.TIM_CounterModeConfig), (124 bytes).
    Removing stm32f4xx_tim.o(i.TIM_CtrlPWMOutputs), (92 bytes).
    Removing stm32f4xx_tim.o(i.TIM_DMACmd), (160 bytes).
    Removing stm32f4xx_tim.o(i.TIM_DMAConfig), (296 bytes).
    Removing stm32f4xx_tim.o(i.TIM_ETRClockMode1Config), (196 bytes).
    Removing stm32f4xx_tim.o(i.TIM_ETRClockMode2Config), (176 bytes).
    Removing stm32f4xx_tim.o(i.TIM_ETRConfig), (188 bytes).
    Removing stm32f4xx_tim.o(i.TIM_EncoderInterfaceConfig), (260 bytes).
    Removing stm32f4xx_tim.o(i.TIM_ForcedOC1Config), (176 bytes).
    Removing stm32f4xx_tim.o(i.TIM_ForcedOC2Config), (144 bytes).
    Removing stm32f4xx_tim.o(i.TIM_ForcedOC3Config), (116 bytes).
    Removing stm32f4xx_tim.o(i.TIM_ForcedOC4Config), (124 bytes).
    Removing stm32f4xx_tim.o(i.TIM_GenerateEvent), (184 bytes).
    Removing stm32f4xx_tim.o(i.TIM_GetCapture1), (140 bytes).
    Removing stm32f4xx_tim.o(i.TIM_GetCapture2), (100 bytes).
    Removing stm32f4xx_tim.o(i.TIM_GetCapture3), (80 bytes).
    Removing stm32f4xx_tim.o(i.TIM_GetCapture4), (80 bytes).
    Removing stm32f4xx_tim.o(i.TIM_GetCounter), (160 bytes).
    Removing stm32f4xx_tim.o(i.TIM_GetFlagStatus), (244 bytes).
    Removing stm32f4xx_tim.o(i.TIM_GetITStatus), (244 bytes).
    Removing stm32f4xx_tim.o(i.TIM_GetPrescaler), (160 bytes).
    Removing stm32f4xx_tim.o(i.TIM_ICInit), (508 bytes).
    Removing stm32f4xx_tim.o(i.TIM_ICStructInit), (18 bytes).
    Removing stm32f4xx_tim.o(i.TIM_ITConfig), (216 bytes).
    Removing stm32f4xx_tim.o(i.TIM_ITRxExternalClockConfig), (144 bytes).
    Removing stm32f4xx_tim.o(i.TIM_InternalClockConfig), (108 bytes).
    Removing stm32f4xx_tim.o(i.TIM_OC1FastConfig), (172 bytes).
    Removing stm32f4xx_tim.o(i.TIM_OC1NPolarityConfig), (76 bytes).
    Removing stm32f4xx_tim.o(i.TIM_OC1PolarityConfig), (172 bytes).
    Removing stm32f4xx_tim.o(i.TIM_OC2FastConfig), (140 bytes).
    Removing stm32f4xx_tim.o(i.TIM_OC2Init), (448 bytes).
    Removing stm32f4xx_tim.o(i.TIM_OC2NPolarityConfig), (84 bytes).
    Removing stm32f4xx_tim.o(i.TIM_OC2PolarityConfig), (140 bytes).
    Removing stm32f4xx_tim.o(i.TIM_OC2PreloadConfig), (140 bytes).
    Removing stm32f4xx_tim.o(i.TIM_OC3FastConfig), (112 bytes).
    Removing stm32f4xx_tim.o(i.TIM_OC3Init), (424 bytes).
    Removing stm32f4xx_tim.o(i.TIM_OC3NPolarityConfig), (84 bytes).
    Removing stm32f4xx_tim.o(i.TIM_OC3PolarityConfig), (120 bytes).
    Removing stm32f4xx_tim.o(i.TIM_OC3PreloadConfig), (112 bytes).
    Removing stm32f4xx_tim.o(i.TIM_OC4FastConfig), (120 bytes).
    Removing stm32f4xx_tim.o(i.TIM_OC4Init), (316 bytes).
    Removing stm32f4xx_tim.o(i.TIM_OC4PolarityConfig), (120 bytes).
    Removing stm32f4xx_tim.o(i.TIM_OC4PreloadConfig), (120 bytes).
    Removing stm32f4xx_tim.o(i.TIM_OCStructInit), (20 bytes).
    Removing stm32f4xx_tim.o(i.TIM_PWMIConfig), (216 bytes).
    Removing stm32f4xx_tim.o(i.TIM_PrescalerConfig), (184 bytes).
    Removing stm32f4xx_tim.o(i.TIM_RemapConfig), (108 bytes).
    Removing stm32f4xx_tim.o(i.TIM_SelectCCDMA), (120 bytes).
    Removing stm32f4xx_tim.o(i.TIM_SelectCOM), (84 bytes).
    Removing stm32f4xx_tim.o(i.TIM_SelectHallSensor), (140 bytes).
    Removing stm32f4xx_tim.o(i.TIM_SelectInputTrigger), (196 bytes).
    Removing stm32f4xx_tim.o(i.TIM_SelectMasterSlaveMode), (136 bytes).
    Removing stm32f4xx_tim.o(i.TIM_SelectOCxM), (300 bytes).
    Removing stm32f4xx_tim.o(i.TIM_SelectOnePulseMode), (196 bytes).
    Removing stm32f4xx_tim.o(i.TIM_SelectOutputTrigger), (160 bytes).
    Removing stm32f4xx_tim.o(i.TIM_SelectSlaveMode), (144 bytes).
    Removing stm32f4xx_tim.o(i.TIM_SetAutoreload), (164 bytes).
    Removing stm32f4xx_tim.o(i.TIM_SetClockDivision), (184 bytes).
    Removing stm32f4xx_tim.o(i.TIM_SetCompare1), (144 bytes).
    Removing stm32f4xx_tim.o(i.TIM_SetCompare2), (104 bytes).
    Removing stm32f4xx_tim.o(i.TIM_SetCompare3), (84 bytes).
    Removing stm32f4xx_tim.o(i.TIM_SetCompare4), (84 bytes).
    Removing stm32f4xx_tim.o(i.TIM_SetCounter), (164 bytes).
    Removing stm32f4xx_tim.o(i.TIM_SetIC1Prescaler), (184 bytes).
    Removing stm32f4xx_tim.o(i.TIM_SetIC2Prescaler), (152 bytes).
    Removing stm32f4xx_tim.o(i.TIM_SetIC3Prescaler), (124 bytes).
    Removing stm32f4xx_tim.o(i.TIM_SetIC4Prescaler), (132 bytes).
    Removing stm32f4xx_tim.o(i.TIM_TIxExternalClockConfig), (232 bytes).
    Removing stm32f4xx_tim.o(i.TIM_TimeBaseStructInit), (18 bytes).
    Removing stm32f4xx_tim.o(i.TIM_UpdateDisableConfig), (200 bytes).
    Removing stm32f4xx_tim.o(i.TIM_UpdateRequestConfig), (200 bytes).
    Removing system_stm32f4xx.o(.rev16_text), (4 bytes).
    Removing system_stm32f4xx.o(.revsh_text), (4 bytes).
    Removing system_stm32f4xx.o(.rrx_text), (6 bytes).
    Removing system_stm32f4xx.o(i.SystemCoreClockUpdate), (192 bytes).

184 unused section(s) (total 19987 bytes) removed from the image.

==============================================================================

Image Symbol Table

    Local Symbols

    Symbol Name                              Value     Ov Type        Size  Object(Section)

    ../clib/angel/boardlib.s                 0x00000000   Number         0  boardinit3.o ABSOLUTE
    ../clib/angel/boardlib.s                 0x00000000   Number         0  boardshut.o ABSOLUTE
    ../clib/angel/boardlib.s                 0x00000000   Number         0  boardinit2.o ABSOLUTE
    ../clib/angel/boardlib.s                 0x00000000   Number         0  boardinit1.o ABSOLUTE
    ../clib/angel/handlers.s                 0x00000000   Number         0  __scatter_zi.o ABSOLUTE
    ../clib/angel/handlers.s                 0x00000000   Number         0  __scatter_copy.o ABSOLUTE
    ../clib/angel/kernel.s                   0x00000000   Number         0  rtexit.o ABSOLUTE
    ../clib/angel/kernel.s                   0x00000000   Number         0  __rtentry4.o ABSOLUTE
    ../clib/angel/kernel.s                   0x00000000   Number         0  rtexit2.o ABSOLUTE
    ../clib/angel/kernel.s                   0x00000000   Number         0  __rtentry2.o ABSOLUTE
    ../clib/angel/kernel.s                   0x00000000   Number         0  __rtentry.o ABSOLUTE
    ../clib/angel/rt.s                       0x00000000   Number         0  rt_raise.o ABSOLUTE
    ../clib/angel/scatter.s                  0x00000000   Number         0  __scatter.o ABSOLUTE
    ../clib/angel/startup.s                  0x00000000   Number         0  __main.o ABSOLUTE
    ../clib/angel/sys.s                      0x00000000   Number         0  sys_stackheap_outer.o ABSOLUTE
    ../clib/angel/sys.s                      0x00000000   Number         0  libspace.o ABSOLUTE
    ../clib/angel/sys.s                      0x00000000   Number         0  indicate_semi.o ABSOLUTE
    ../clib/angel/sys.s                      0x00000000   Number         0  use_no_semi.o ABSOLUTE
    ../clib/angel/sysapp.c                   0x00000000   Number         0  sys_exit.o ABSOLUTE
    ../clib/angel/sysapp.c                   0x00000000   Number         0  sys_wrch.o ABSOLUTE
    ../clib/angel/sysapp.c                   0x00000000   Number         0  sys_command.o ABSOLUTE
    ../clib/armsys.c                         0x00000000   Number         0  _get_argv_nomalloc.o ABSOLUTE
    ../clib/armsys.c                         0x00000000   Number         0  no_argv.o ABSOLUTE
    ../clib/armsys.c                         0x00000000   Number         0  argv_veneer.o ABSOLUTE
    ../clib/armsys.c                         0x00000000   Number         0  argv_veneer.o ABSOLUTE
    ../clib/heapalloc.c                      0x00000000   Number         0  hrguard.o ABSOLUTE
    ../clib/heapaux.c                        0x00000000   Number         0  heapauxi.o ABSOLUTE
    ../clib/libinit.s                        0x00000000   Number         0  libinit2.o ABSOLUTE
    ../clib/libinit.s                        0x00000000   Number         0  libinit.o ABSOLUTE
    ../clib/libinit.s                        0x00000000   Number         0  libshutdown2.o ABSOLUTE
    ../clib/libinit.s                        0x00000000   Number         0  libshutdown.o ABSOLUTE
    ../clib/memcpset.s                       0x00000000   Number         0  rt_memcpy_w.o ABSOLUTE
    ../clib/signal.c                         0x00000000   Number         0  defsig_rtmem_inner.o ABSOLUTE
    ../clib/signal.c                         0x00000000   Number         0  defsig_abrt_inner.o ABSOLUTE
    ../clib/signal.c                         0x00000000   Number         0  defsig_general.o ABSOLUTE
    ../clib/signal.c                         0x00000000   Number         0  __raise.o ABSOLUTE
    ../clib/signal.c                         0x00000000   Number         0  defsig_exit.o ABSOLUTE
    ../clib/signal.c                         0x00000000   Number         0  defsig_rtmem_formal.o ABSOLUTE
    ../clib/signal.c                         0x00000000   Number         0  defsig_fpe_inner.o ABSOLUTE
    ../clib/signal.c                         0x00000000   Number         0  defsig_rtred_inner.o ABSOLUTE
    ../clib/signal.c                         0x00000000   Number         0  defsig_pvfn_inner.o ABSOLUTE
    ../clib/signal.c                         0x00000000   Number         0  defsig_cppl_inner.o ABSOLUTE
    ../clib/signal.c                         0x00000000   Number         0  defsig_segv_inner.o ABSOLUTE
    ../clib/signal.c                         0x00000000   Number         0  defsig_other.o ABSOLUTE
    ../clib/signal.c                         0x00000000   Number         0  defsig_rtmem_outer.o ABSOLUTE
    ../clib/signal.c                         0x00000000   Number         0  defsig_stak_inner.o ABSOLUTE
    ../clib/signal.s                         0x00000000   Number         0  defsig.o ABSOLUTE
    ../clib/stdlib.c                         0x00000000   Number         0  exit.o ABSOLUTE
    ../fplib/fpinit.s                        0x00000000   Number         0  fpinit.o ABSOLUTE
    C:\Users\Altunmstf\AppData\Local\Arm\Packs\Keil\STM32F4xx_DFP\1.0.8\Device\StdPeriph_Driver\src\misc.c 0x00000000   Number         0  misc.o ABSOLUTE
    C:\Users\Altunmstf\AppData\Local\Arm\Packs\Keil\STM32F4xx_DFP\1.0.8\Device\StdPeriph_Driver\src\stm32f4xx_gpio.c 0x00000000   Number         0  stm32f4xx_gpio.o ABSOLUTE
    C:\Users\Altunmstf\AppData\Local\Arm\Packs\Keil\STM32F4xx_DFP\1.0.8\Device\StdPeriph_Driver\src\stm32f4xx_rcc.c 0x00000000   Number         0  stm32f4xx_rcc.o ABSOLUTE
    C:\Users\Altunmstf\AppData\Local\Arm\Packs\Keil\STM32F4xx_DFP\1.0.8\Device\StdPeriph_Driver\src\stm32f4xx_tim.c 0x00000000   Number         0  stm32f4xx_tim.o ABSOLUTE
    C:\\Users\\Altunmstf\\AppData\\Local\\Arm\\Packs\\Keil\\STM32F4xx_DFP\\1.0.8\\Device\\StdPeriph_Driver\\src\\misc.c 0x00000000   Number         0  misc.o ABSOLUTE
    C:\\Users\\Altunmstf\\AppData\\Local\\Arm\\Packs\\Keil\\STM32F4xx_DFP\\1.0.8\\Device\\StdPeriph_Driver\\src\\stm32f4xx_gpio.c 0x00000000   Number         0  stm32f4xx_gpio.o ABSOLUTE
    C:\\Users\\Altunmstf\\AppData\\Local\\Arm\\Packs\\Keil\\STM32F4xx_DFP\\1.0.8\\Device\\StdPeriph_Driver\\src\\stm32f4xx_rcc.c 0x00000000   Number         0  stm32f4xx_rcc.o ABSOLUTE
    C:\\Users\\Altunmstf\\AppData\\Local\\Arm\\Packs\\Keil\\STM32F4xx_DFP\\1.0.8\\Device\\StdPeriph_Driver\\src\\stm32f4xx_tim.c 0x00000000   Number         0  stm32f4xx_tim.o ABSOLUTE
    MA_Libs\\ma_delay.c                      0x00000000   Number         0  ma_delay.o ABSOLUTE
    MA_Libs\\ma_gpio.c                       0x00000000   Number         0  ma_gpio.o ABSOLUTE
    MA_Libs\\ma_servo.c                      0x00000000   Number         0  ma_servo.o ABSOLUTE
    MA_Libs\\ma_tim.c                        0x00000000   Number         0  ma_tim.o ABSOLUTE
    MA_Libs\ma_delay.c                       0x00000000   Number         0  ma_delay.o ABSOLUTE
    MA_Libs\ma_gpio.c                        0x00000000   Number         0  ma_gpio.o ABSOLUTE
    MA_Libs\ma_pwm.c                         0x00000000   Number         0  ma_pwm.o ABSOLUTE
    MA_Libs\ma_servo.c                       0x00000000   Number         0  ma_servo.o ABSOLUTE
    MA_Libs\ma_tim.c                         0x00000000   Number         0  ma_tim.o ABSOLUTE
    RTE\Device\STM32F407VG\startup_stm32f40_41xxx.s 0x00000000   Number         0  startup_stm32f40_41xxx.o ABSOLUTE
    RTE\Device\STM32F407VG\system_stm32f4xx.c 0x00000000   Number         0  system_stm32f4xx.o ABSOLUTE
    RTE\\Device\\STM32F407VG\\system_stm32f4xx.c 0x00000000   Number         0  system_stm32f4xx.o ABSOLUTE
    dc.s                                     0x00000000   Number         0  dc.o ABSOLUTE
    main.c                                   0x00000000   Number         0  main.o ABSOLUTE
    main.c                                   0x00000000   Number         0  main.o ABSOLUTE
    RESET                                    0x08000000   Section      392  startup_stm32f40_41xxx.o(RESET)
    !!!main                                  0x08000188   Section        8  __main.o(!!!main)
    !!!scatter                               0x08000190   Section       52  __scatter.o(!!!scatter)
    !!handler_copy                           0x080001c4   Section       26  __scatter_copy.o(!!handler_copy)
    !!handler_zi                             0x080001e0   Section       28  __scatter_zi.o(!!handler_zi)
    .ARM.Collect$$libinit$$00000000          0x080001fc   Section        2  libinit.o(.ARM.Collect$$libinit$$00000000)
    .ARM.Collect$$libinit$$00000001          0x080001fe   Section        4  libinit2.o(.ARM.Collect$$libinit$$00000001)
    .ARM.Collect$$libinit$$00000004          0x08000202   Section        0  libinit2.o(.ARM.Collect$$libinit$$00000004)
    .ARM.Collect$$libinit$$0000000A          0x08000202   Section        0  libinit2.o(.ARM.Collect$$libinit$$0000000A)
    .ARM.Collect$$libinit$$0000000C          0x08000202   Section        0  libinit2.o(.ARM.Collect$$libinit$$0000000C)
    .ARM.Collect$$libinit$$0000000E          0x08000202   Section        0  libinit2.o(.ARM.Collect$$libinit$$0000000E)
    .ARM.Collect$$libinit$$00000011          0x08000202   Section        0  libinit2.o(.ARM.Collect$$libinit$$00000011)
    .ARM.Collect$$libinit$$00000013          0x08000202   Section        0  libinit2.o(.ARM.Collect$$libinit$$00000013)
    .ARM.Collect$$libinit$$00000015          0x08000202   Section        0  libinit2.o(.ARM.Collect$$libinit$$00000015)
    .ARM.Collect$$libinit$$00000017          0x08000202   Section        0  libinit2.o(.ARM.Collect$$libinit$$00000017)
    .ARM.Collect$$libinit$$00000019          0x08000202   Section        0  libinit2.o(.ARM.Collect$$libinit$$00000019)
    .ARM.Collect$$libinit$$0000001B          0x08000202   Section        0  libinit2.o(.ARM.Collect$$libinit$$0000001B)
    .ARM.Collect$$libinit$$0000001D          0x08000202   Section        0  libinit2.o(.ARM.Collect$$libinit$$0000001D)
    .ARM.Collect$$libinit$$0000001F          0x08000202   Section        0  libinit2.o(.ARM.Collect$$libinit$$0000001F)
    .ARM.Collect$$libinit$$00000021          0x08000202   Section        0  libinit2.o(.ARM.Collect$$libinit$$00000021)
    .ARM.Collect$$libinit$$00000023          0x08000202   Section        0  libinit2.o(.ARM.Collect$$libinit$$00000023)
    .ARM.Collect$$libinit$$00000025          0x08000202   Section        0  libinit2.o(.ARM.Collect$$libinit$$00000025)
    .ARM.Collect$$libinit$$0000002C          0x08000202   Section        0  libinit2.o(.ARM.Collect$$libinit$$0000002C)
    .ARM.Collect$$libinit$$0000002E          0x08000202   Section        0  libinit2.o(.ARM.Collect$$libinit$$0000002E)
    .ARM.Collect$$libinit$$00000030          0x08000202   Section        0  libinit2.o(.ARM.Collect$$libinit$$00000030)
    .ARM.Collect$$libinit$$00000032          0x08000202   Section        0  libinit2.o(.ARM.Collect$$libinit$$00000032)
    .ARM.Collect$$libinit$$00000033          0x08000202   Section        2  libinit2.o(.ARM.Collect$$libinit$$00000033)
    .ARM.Collect$$libshutdown$$00000000      0x08000204   Section        2  libshutdown.o(.ARM.Collect$$libshutdown$$00000000)
    .ARM.Collect$$libshutdown$$00000002      0x08000206   Section        0  libshutdown2.o(.ARM.Collect$$libshutdown$$00000002)
    .ARM.Collect$$libshutdown$$00000004      0x08000206   Section        0  libshutdown2.o(.ARM.Collect$$libshutdown$$00000004)
    .ARM.Collect$$libshutdown$$00000007      0x08000206   Section        0  libshutdown2.o(.ARM.Collect$$libshutdown$$00000007)
    .ARM.Collect$$libshutdown$$0000000A      0x08000206   Section        0  libshutdown2.o(.ARM.Collect$$libshutdown$$0000000A)
    .ARM.Collect$$libshutdown$$0000000C      0x08000206   Section        0  libshutdown2.o(.ARM.Collect$$libshutdown$$0000000C)
    .ARM.Collect$$libshutdown$$0000000F      0x08000206   Section        0  libshutdown2.o(.ARM.Collect$$libshutdown$$0000000F)
    .ARM.Collect$$libshutdown$$00000010      0x08000206   Section        2  libshutdown2.o(.ARM.Collect$$libshutdown$$00000010)
    .ARM.Collect$$rtentry$$00000000          0x08000208   Section        0  __rtentry.o(.ARM.Collect$$rtentry$$00000000)
    .ARM.Collect$$rtentry$$00000002          0x08000208   Section        0  __rtentry2.o(.ARM.Collect$$rtentry$$00000002)
    .ARM.Collect$$rtentry$$00000004          0x08000208   Section        6  __rtentry4.o(.ARM.Collect$$rtentry$$00000004)
    .ARM.Collect$$rtentry$$00000009          0x0800020e   Section        0  __rtentry2.o(.ARM.Collect$$rtentry$$00000009)
    .ARM.Collect$$rtentry$$0000000A          0x0800020e   Section        4  __rtentry2.o(.ARM.Collect$$rtentry$$0000000A)
    .ARM.Collect$$rtentry$$0000000C          0x08000212   Section        0  __rtentry2.o(.ARM.Collect$$rtentry$$0000000C)
    .ARM.Collect$$rtentry$$0000000D          0x08000212   Section        8  __rtentry2.o(.ARM.Collect$$rtentry$$0000000D)
    .ARM.Collect$$rtexit$$00000000           0x0800021a   Section        2  rtexit.o(.ARM.Collect$$rtexit$$00000000)
    .ARM.Collect$$rtexit$$00000002           0x0800021c   Section        0  rtexit2.o(.ARM.Collect$$rtexit$$00000002)
    .ARM.Collect$$rtexit$$00000003           0x0800021c   Section        4  rtexit2.o(.ARM.Collect$$rtexit$$00000003)
    .ARM.Collect$$rtexit$$00000004           0x08000220   Section        6  rtexit2.o(.ARM.Collect$$rtexit$$00000004)
    .text                                    0x08000228   Section       64  startup_stm32f40_41xxx.o(.text)
    $v0                                      0x08000228   Number         0  startup_stm32f40_41xxx.o(.text)
    .text                                    0x08000268   Section      100  rt_memcpy_w.o(.text)
    .text                                    0x080002cc   Section        0  heapauxi.o(.text)
    .text                                    0x080002d2   Section       74  sys_stackheap_outer.o(.text)
    .text                                    0x0800031c   Section        0  exit.o(.text)
    .text                                    0x08000330   Section        8  libspace.o(.text)
    .text                                    0x08000338   Section        0  sys_exit.o(.text)
    .text                                    0x08000344   Section        2  use_no_semi.o(.text)
    .text                                    0x08000346   Section        0  indicate_semi.o(.text)
    i.GPIO_Init                              0x08000348   Section        0  stm32f4xx_gpio.o(i.GPIO_Init)
    i.GPIO_PinAFConfig                       0x080004dc   Section        0  stm32f4xx_gpio.o(i.GPIO_PinAFConfig)
    i.GPIO_ToggleBits                        0x0800066c   Section        0  stm32f4xx_gpio.o(i.GPIO_ToggleBits)
    i.MA_DELAY_Init                          0x080006f8   Section        0  ma_delay.o(i.MA_DELAY_Init)
    i.MA_DELAY_ms                            0x08000760   Section        0  ma_delay.o(i.MA_DELAY_ms)
    i.MA_GPIO_GetPinSource                   0x08000778   Section        0  ma_gpio.o(i.MA_GPIO_GetPinSource)
    i.MA_GPIO_Init                           0x0800078a   Section        0  ma_gpio.o(i.MA_GPIO_Init)
    i.MA_GPIO_MultiInit                      0x080007de   Section        0  ma_gpio.o(i.MA_GPIO_MultiInit)
    i.MA_TIM_CalcPrescaler                   0x08000814   Section        0  ma_tim.o(i.MA_TIM_CalcPrescaler)
    i.MA_TIM_CompleteParameters              0x08000844   Section        0  ma_tim.o(i.MA_TIM_CompleteParameters)
    i.MA_TIM_ObtainAPBx                      0x08000870   Section        0  ma_tim.o(i.MA_TIM_ObtainAPBx)
    i.MA_TIM_TimeBaseInit                    0x08000908   Section        0  ma_tim.o(i.MA_TIM_TimeBaseInit)
    i.RCC_AHB1PeriphClockCmd                 0x08000938   Section        0  stm32f4xx_rcc.o(i.RCC_AHB1PeriphClockCmd)
    i.RCC_APB1PeriphClockCmd                 0x0800098c   Section        0  stm32f4xx_rcc.o(i.RCC_APB1PeriphClockCmd)
    i.RCC_APB1PeriphResetCmd                 0x080009e0   Section        0  stm32f4xx_rcc.o(i.RCC_APB1PeriphResetCmd)
    i.RCC_APB2PeriphResetCmd                 0x08000a34   Section        0  stm32f4xx_rcc.o(i.RCC_APB2PeriphResetCmd)
    i.SERVO_SetAngle                         0x08000a88   Section        0  ma_servo.o(i.SERVO_SetAngle)
    i.SetSysClock                            0x08000ab8   Section        0  system_stm32f4xx.o(i.SetSysClock)
    SetSysClock                              0x08000ab9   Thumb Code   220  system_stm32f4xx.o(i.SetSysClock)
    i.SysTick_Handler                        0x08000ba4   Section        0  ma_delay.o(i.SysTick_Handler)
    i.SystemInit                             0x08000bbc   Section        0  system_stm32f4xx.o(i.SystemInit)
    i.TIM_ARRPreloadConfig                   0x08000c24   Section        0  stm32f4xx_tim.o(i.TIM_ARRPreloadConfig)
    i.TIM_Cmd                                0x08000cec   Section        0  stm32f4xx_tim.o(i.TIM_Cmd)
    i.TIM_DeInit                             0x08000db4   Section        0  stm32f4xx_tim.o(i.TIM_DeInit)
    i.TIM_OC1Init                            0x08000fa4   Section        0  stm32f4xx_tim.o(i.TIM_OC1Init)
    i.TIM_OC1PreloadConfig                   0x08001164   Section        0  stm32f4xx_tim.o(i.TIM_OC1PreloadConfig)
    i.TIM_TimeBaseInit                       0x08001210   Section        0  stm32f4xx_tim.o(i.TIM_TimeBaseInit)
    i.assert_failed                          0x08001360   Section        0  main.o(i.assert_failed)
    i.main                                   0x08001364   Section        0  main.o(i.main)
    x$fpl$fpinit                             0x080014e4   Section       10  fpinit.o(x$fpl$fpinit)
    $v0                                      0x080014e4   Number         0  fpinit.o(x$fpl$fpinit)
    .conststring                             0x080014f0   Section      113  stm32f4xx_gpio.o(.conststring)
    .conststring                             0x08001564   Section      112  stm32f4xx_rcc.o(.conststring)
    .conststring                             0x080015d4   Section      112  stm32f4xx_tim.o(.conststring)
    .data                                    0x20000000   Section        4  ma_delay.o(.data)
    .data                                    0x20000004   Section       20  system_stm32f4xx.o(.data)
    .bss                                     0x20000018   Section       96  libspace.o(.bss)
    HEAP                                     0x20000078   Section      512  startup_stm32f40_41xxx.o(HEAP)
    Heap_Mem                                 0x20000078   Data         512  startup_stm32f40_41xxx.o(HEAP)
    STACK                                    0x20000278   Section     1024  startup_stm32f40_41xxx.o(STACK)
    Stack_Mem                                0x20000278   Data        1024  startup_stm32f40_41xxx.o(STACK)
    __initial_sp                             0x20000678   Data           0  startup_stm32f40_41xxx.o(STACK)

    Global Symbols

    Symbol Name                              Value     Ov Type        Size  Object(Section)

    BuildAttributes$$THM_ISAv4$E$P$D$K$B$S$7EM$VFPi3$EXTD16$VFPS$VFMA$PE$A:L22UL41UL21$X:L11$S22US41US21$IEEE1$IW$USESV6$~STKCKD$USESV7$~SHL$OSPACE$ROPI$EBA8$UX$STANDARDLIB$REQ8$PRES8$EABIv2 0x00000000   Number         0  anon$$obj.o ABSOLUTE
    __ARM_use_no_argv                        0x00000000   Number         0  main.o ABSOLUTE
    __ARM_exceptions_init                     - Undefined Weak Reference
    __alloca_initialize                       - Undefined Weak Reference
    __arm_preinit_                            - Undefined Weak Reference
    __cpp_initialize__aeabi_                  - Undefined Weak Reference
    __cxa_finalize                            - Undefined Weak Reference
    __rt_locale                               - Undefined Weak Reference
    __sigvec_lookup                           - Undefined Weak Reference
    _atexit_init                              - Undefined Weak Reference
    _call_atexit_fns                          - Undefined Weak Reference
    _clock_init                               - Undefined Weak Reference
    _fp_trap_init                             - Undefined Weak Reference
    _fp_trap_shutdown                         - Undefined Weak Reference
    _get_lc_collate                           - Undefined Weak Reference
    _get_lc_ctype                             - Undefined Weak Reference
    _get_lc_monetary                          - Undefined Weak Reference
    _get_lc_numeric                           - Undefined Weak Reference
    _get_lc_time                              - Undefined Weak Reference
    _getenv_init                              - Undefined Weak Reference
    _handle_redirection                       - Undefined Weak Reference
    _init_alloc                               - Undefined Weak Reference
    _init_user_alloc                          - Undefined Weak Reference
    _initio                                   - Undefined Weak Reference
    _rand_init                                - Undefined Weak Reference
    _signal_finish                            - Undefined Weak Reference
    _signal_init                              - Undefined Weak Reference
    _terminate_alloc                          - Undefined Weak Reference
    _terminate_user_alloc                     - Undefined Weak Reference
    _terminateio                              - Undefined Weak Reference
    __Vectors_Size                           0x00000188   Number         0  startup_stm32f40_41xxx.o ABSOLUTE
    __Vectors                                0x08000000   Data           4  startup_stm32f40_41xxx.o(RESET)
    __Vectors_End                            0x08000188   Data           0  startup_stm32f40_41xxx.o(RESET)
    __main                                   0x08000189   Thumb Code     8  __main.o(!!!main)
    __scatterload                            0x08000191   Thumb Code     0  __scatter.o(!!!scatter)
    __scatterload_rt2                        0x08000191   Thumb Code    44  __scatter.o(!!!scatter)
    __scatterload_rt2_thumb_only             0x08000191   Thumb Code     0  __scatter.o(!!!scatter)
    __scatterload_null                       0x0800019f   Thumb Code     0  __scatter.o(!!!scatter)
    __scatterload_copy                       0x080001c5   Thumb Code    26  __scatter_copy.o(!!handler_copy)
    __scatterload_zeroinit                   0x080001e1   Thumb Code    28  __scatter_zi.o(!!handler_zi)
    __rt_lib_init                            0x080001fd   Thumb Code     0  libinit.o(.ARM.Collect$$libinit$$00000000)
    __rt_lib_init_fp_1                       0x080001ff   Thumb Code     0  libinit2.o(.ARM.Collect$$libinit$$00000001)
    __rt_lib_init_alloca_1                   0x08000203   Thumb Code     0  libinit2.o(.ARM.Collect$$libinit$$0000002E)
    __rt_lib_init_argv_1                     0x08000203   Thumb Code     0  libinit2.o(.ARM.Collect$$libinit$$0000002C)
    __rt_lib_init_atexit_1                   0x08000203   Thumb Code     0  libinit2.o(.ARM.Collect$$libinit$$0000001B)
    __rt_lib_init_clock_1                    0x08000203   Thumb Code     0  libinit2.o(.ARM.Collect$$libinit$$00000021)
    __rt_lib_init_cpp_1                      0x08000203   Thumb Code     0  libinit2.o(.ARM.Collect$$libinit$$00000032)
    __rt_lib_init_exceptions_1               0x08000203   Thumb Code     0  libinit2.o(.ARM.Collect$$libinit$$00000030)
    __rt_lib_init_fp_trap_1                  0x08000203   Thumb Code     0  libinit2.o(.ARM.Collect$$libinit$$0000001F)
    __rt_lib_init_getenv_1                   0x08000203   Thumb Code     0  libinit2.o(.ARM.Collect$$libinit$$00000023)
    __rt_lib_init_heap_1                     0x08000203   Thumb Code     0  libinit2.o(.ARM.Collect$$libinit$$0000000A)
    __rt_lib_init_lc_collate_1               0x08000203   Thumb Code     0  libinit2.o(.ARM.Collect$$libinit$$00000011)
    __rt_lib_init_lc_ctype_1                 0x08000203   Thumb Code     0  libinit2.o(.ARM.Collect$$libinit$$00000013)
    __rt_lib_init_lc_monetary_1              0x08000203   Thumb Code     0  libinit2.o(.ARM.Collect$$libinit$$00000015)
    __rt_lib_init_lc_numeric_1               0x08000203   Thumb Code     0  libinit2.o(.ARM.Collect$$libinit$$00000017)
    __rt_lib_init_lc_time_1                  0x08000203   Thumb Code     0  libinit2.o(.ARM.Collect$$libinit$$00000019)
    __rt_lib_init_preinit_1                  0x08000203   Thumb Code     0  libinit2.o(.ARM.Collect$$libinit$$00000004)
    __rt_lib_init_rand_1                     0x08000203   Thumb Code     0  libinit2.o(.ARM.Collect$$libinit$$0000000E)
    __rt_lib_init_return                     0x08000203   Thumb Code     0  libinit2.o(.ARM.Collect$$libinit$$00000033)
    __rt_lib_init_signal_1                   0x08000203   Thumb Code     0  libinit2.o(.ARM.Collect$$libinit$$0000001D)
    __rt_lib_init_stdio_1                    0x08000203   Thumb Code     0  libinit2.o(.ARM.Collect$$libinit$$00000025)
    __rt_lib_init_user_alloc_1               0x08000203   Thumb Code     0  libinit2.o(.ARM.Collect$$libinit$$0000000C)
    __rt_lib_shutdown                        0x08000205   Thumb Code     0  libshutdown.o(.ARM.Collect$$libshutdown$$00000000)
    __rt_lib_shutdown_cpp_1                  0x08000207   Thumb Code     0  libshutdown2.o(.ARM.Collect$$libshutdown$$00000002)
    __rt_lib_shutdown_fp_trap_1              0x08000207   Thumb Code     0  libshutdown2.o(.ARM.Collect$$libshutdown$$00000007)
    __rt_lib_shutdown_heap_1                 0x08000207   Thumb Code     0  libshutdown2.o(.ARM.Collect$$libshutdown$$0000000F)
    __rt_lib_shutdown_return                 0x08000207   Thumb Code     0  libshutdown2.o(.ARM.Collect$$libshutdown$$00000010)
    __rt_lib_shutdown_signal_1               0x08000207   Thumb Code     0  libshutdown2.o(.ARM.Collect$$libshutdown$$0000000A)
    __rt_lib_shutdown_stdio_1                0x08000207   Thumb Code     0  libshutdown2.o(.ARM.Collect$$libshutdown$$00000004)
    __rt_lib_shutdown_user_alloc_1           0x08000207   Thumb Code     0  libshutdown2.o(.ARM.Collect$$libshutdown$$0000000C)
    __rt_entry                               0x08000209   Thumb Code     0  __rtentry.o(.ARM.Collect$$rtentry$$00000000)
    __rt_entry_presh_1                       0x08000209   Thumb Code     0  __rtentry2.o(.ARM.Collect$$rtentry$$00000002)
    __rt_entry_sh                            0x08000209   Thumb Code     0  __rtentry4.o(.ARM.Collect$$rtentry$$00000004)
    __rt_entry_li                            0x0800020f   Thumb Code     0  __rtentry2.o(.ARM.Collect$$rtentry$$0000000A)
    __rt_entry_postsh_1                      0x0800020f   Thumb Code     0  __rtentry2.o(.ARM.Collect$$rtentry$$00000009)
    __rt_entry_main                          0x08000213   Thumb Code     0  __rtentry2.o(.ARM.Collect$$rtentry$$0000000D)
    __rt_entry_postli_1                      0x08000213   Thumb Code     0  __rtentry2.o(.ARM.Collect$$rtentry$$0000000C)
    __rt_exit                                0x0800021b   Thumb Code     0  rtexit.o(.ARM.Collect$$rtexit$$00000000)
    __rt_exit_ls                             0x0800021d   Thumb Code     0  rtexit2.o(.ARM.Collect$$rtexit$$00000003)
    __rt_exit_prels_1                        0x0800021d   Thumb Code     0  rtexit2.o(.ARM.Collect$$rtexit$$00000002)
    __rt_exit_exit                           0x08000221   Thumb Code     0  rtexit2.o(.ARM.Collect$$rtexit$$00000004)
    Reset_Handler                            0x08000229   Thumb Code     8  startup_stm32f40_41xxx.o(.text)
    NMI_Handler                              0x08000231   Thumb Code     2  startup_stm32f40_41xxx.o(.text)
    HardFault_Handler                        0x08000233   Thumb Code     2  startup_stm32f40_41xxx.o(.text)
    MemManage_Handler                        0x08000235   Thumb Code     2  startup_stm32f40_41xxx.o(.text)
    BusFault_Handler                         0x08000237   Thumb Code     2  startup_stm32f40_41xxx.o(.text)
    UsageFault_Handler                       0x08000239   Thumb Code     2  startup_stm32f40_41xxx.o(.text)
    SVC_Handler                              0x0800023b   Thumb Code     2  startup_stm32f40_41xxx.o(.text)
    DebugMon_Handler                         0x0800023d   Thumb Code     2  startup_stm32f40_41xxx.o(.text)
    PendSV_Handler                           0x0800023f   Thumb Code     2  startup_stm32f40_41xxx.o(.text)
    ADC_IRQHandler                           0x08000243   Thumb Code     0  startup_stm32f40_41xxx.o(.text)
    CAN1_RX0_IRQHandler                      0x08000243   Thumb Code     0  startup_stm32f40_41xxx.o(.text)
    CAN1_RX1_IRQHandler                      0x08000243   Thumb Code     0  startup_stm32f40_41xxx.o(.text)
    CAN1_SCE_IRQHandler                      0x08000243   Thumb Code     0  startup_stm32f40_41xxx.o(.text)
    CAN1_TX_IRQHandler                       0x08000243   Thumb Code     0  startup_stm32f40_41xxx.o(.text)
    CAN2_RX0_IRQHandler                      0x08000243   Thumb Code     0  startup_stm32f40_41xxx.o(.text)
    CAN2_RX1_IRQHandler                      0x08000243   Thumb Code     0  startup_stm32f40_41xxx.o(.text)
    CAN2_SCE_IRQHandler                      0x08000243   Thumb Code     0  startup_stm32f40_41xxx.o(.text)
    CAN2_TX_IRQHandler                       0x08000243   Thumb Code     0  startup_stm32f40_41xxx.o(.text)
    CRYP_IRQHandler                          0x08000243   Thumb Code     0  startup_stm32f40_41xxx.o(.text)
    DCMI_IRQHandler                          0x08000243   Thumb Code     0  startup_stm32f40_41xxx.o(.text)
    DMA1_Stream0_IRQHandler                  0x08000243   Thumb Code     0  startup_stm32f40_41xxx.o(.text)
    DMA1_Stream1_IRQHandler                  0x08000243   Thumb Code     0  startup_stm32f40_41xxx.o(.text)
    DMA1_Stream2_IRQHandler                  0x08000243   Thumb Code     0  startup_stm32f40_41xxx.o(.text)
    DMA1_Stream3_IRQHandler                  0x08000243   Thumb Code     0  startup_stm32f40_41xxx.o(.text)
    DMA1_Stream4_IRQHandler                  0x08000243   Thumb Code     0  startup_stm32f40_41xxx.o(.text)
    DMA1_Stream5_IRQHandler                  0x08000243   Thumb Code     0  startup_stm32f40_41xxx.o(.text)
    DMA1_Stream6_IRQHandler                  0x08000243   Thumb Code     0  startup_stm32f40_41xxx.o(.text)
    DMA1_Stream7_IRQHandler                  0x08000243   Thumb Code     0  startup_stm32f40_41xxx.o(.text)
    DMA2_Stream0_IRQHandler                  0x08000243   Thumb Code     0  startup_stm32f40_41xxx.o(.text)
    DMA2_Stream1_IRQHandler                  0x08000243   Thumb Code     0  startup_stm32f40_41xxx.o(.text)
    DMA2_Stream2_IRQHandler                  0x08000243   Thumb Code     0  startup_stm32f40_41xxx.o(.text)
    DMA2_Stream3_IRQHandler                  0x08000243   Thumb Code     0  startup_stm32f40_41xxx.o(.text)
    DMA2_Stream4_IRQHandler                  0x08000243   Thumb Code     0  startup_stm32f40_41xxx.o(.text)
    DMA2_Stream5_IRQHandler                  0x08000243   Thumb Code     0  startup_stm32f40_41xxx.o(.text)
    DMA2_Stream6_IRQHandler                  0x08000243   Thumb Code     0  startup_stm32f40_41xxx.o(.text)
    DMA2_Stream7_IRQHandler                  0x08000243   Thumb Code     0  startup_stm32f40_41xxx.o(.text)
    ETH_IRQHandler                           0x08000243   Thumb Code     0  startup_stm32f40_41xxx.o(.text)
    ETH_WKUP_IRQHandler                      0x08000243   Thumb Code     0  startup_stm32f40_41xxx.o(.text)
    EXTI0_IRQHandler                         0x08000243   Thumb Code     0  startup_stm32f40_41xxx.o(.text)
    EXTI15_10_IRQHandler                     0x08000243   Thumb Code     0  startup_stm32f40_41xxx.o(.text)
    EXTI1_IRQHandler                         0x08000243   Thumb Code     0  startup_stm32f40_41xxx.o(.text)
    EXTI2_IRQHandler                         0x08000243   Thumb Code     0  startup_stm32f40_41xxx.o(.text)
    EXTI3_IRQHandler                         0x08000243   Thumb Code     0  startup_stm32f40_41xxx.o(.text)
    EXTI4_IRQHandler                         0x08000243   Thumb Code     0  startup_stm32f40_41xxx.o(.text)
    EXTI9_5_IRQHandler                       0x08000243   Thumb Code     0  startup_stm32f40_41xxx.o(.text)
    FLASH_IRQHandler                         0x08000243   Thumb Code     0  startup_stm32f40_41xxx.o(.text)
    FPU_IRQHandler                           0x08000243   Thumb Code     0  startup_stm32f40_41xxx.o(.text)
    FSMC_IRQHandler                          0x08000243   Thumb Code     0  startup_stm32f40_41xxx.o(.text)
    HASH_RNG_IRQHandler                      0x08000243   Thumb Code     0  startup_stm32f40_41xxx.o(.text)
    I2C1_ER_IRQHandler                       0x08000243   Thumb Code     0  startup_stm32f40_41xxx.o(.text)
    I2C1_EV_IRQHandler                       0x08000243   Thumb Code     0  startup_stm32f40_41xxx.o(.text)
    I2C2_ER_IRQHandler                       0x08000243   Thumb Code     0  startup_stm32f40_41xxx.o(.text)
    I2C2_EV_IRQHandler                       0x08000243   Thumb Code     0  startup_stm32f40_41xxx.o(.text)
    I2C3_ER_IRQHandler                       0x08000243   Thumb Code     0  startup_stm32f40_41xxx.o(.text)
    I2C3_EV_IRQHandler                       0x08000243   Thumb Code     0  startup_stm32f40_41xxx.o(.text)
    OTG_FS_IRQHandler                        0x08000243   Thumb Code     0  startup_stm32f40_41xxx.o(.text)
    OTG_FS_WKUP_IRQHandler                   0x08000243   Thumb Code     0  startup_stm32f40_41xxx.o(.text)
    OTG_HS_EP1_IN_IRQHandler                 0x08000243   Thumb Code     0  startup_stm32f40_41xxx.o(.text)
    OTG_HS_EP1_OUT_IRQHandler                0x08000243   Thumb Code     0  startup_stm32f40_41xxx.o(.text)
    OTG_HS_IRQHandler                        0x08000243   Thumb Code     0  startup_stm32f40_41xxx.o(.text)
    OTG_HS_WKUP_IRQHandler                   0x08000243   Thumb Code     0  startup_stm32f40_41xxx.o(.text)
    PVD_IRQHandler                           0x08000243   Thumb Code     0  startup_stm32f40_41xxx.o(.text)
    RCC_IRQHandler                           0x08000243   Thumb Code     0  startup_stm32f40_41xxx.o(.text)
    RTC_Alarm_IRQHandler                     0x08000243   Thumb Code     0  startup_stm32f40_41xxx.o(.text)
    RTC_WKUP_IRQHandler                      0x08000243   Thumb Code     0  startup_stm32f40_41xxx.o(.text)
    SDIO_IRQHandler                          0x08000243   Thumb Code     0  startup_stm32f40_41xxx.o(.text)
    SPI1_IRQHandler                          0x08000243   Thumb Code     0  startup_stm32f40_41xxx.o(.text)
    SPI2_IRQHandler                          0x08000243   Thumb Code     0  startup_stm32f40_41xxx.o(.text)
    SPI3_IRQHandler                          0x08000243   Thumb Code     0  startup_stm32f40_41xxx.o(.text)
    TAMP_STAMP_IRQHandler                    0x08000243   Thumb Code     0  startup_stm32f40_41xxx.o(.text)
    TIM1_BRK_TIM9_IRQHandler                 0x08000243   Thumb Code     0  startup_stm32f40_41xxx.o(.text)
    TIM1_CC_IRQHandler                       0x08000243   Thumb Code     0  startup_stm32f40_41xxx.o(.text)
    TIM1_TRG_COM_TIM11_IRQHandler            0x08000243   Thumb Code     0  startup_stm32f40_41xxx.o(.text)
    TIM1_UP_TIM10_IRQHandler                 0x08000243   Thumb Code     0  startup_stm32f40_41xxx.o(.text)
    TIM2_IRQHandler                          0x08000243   Thumb Code     0  startup_stm32f40_41xxx.o(.text)
    TIM3_IRQHandler                          0x08000243   Thumb Code     0  startup_stm32f40_41xxx.o(.text)
    TIM4_IRQHandler                          0x08000243   Thumb Code     0  startup_stm32f40_41xxx.o(.text)
    TIM5_IRQHandler                          0x08000243   Thumb Code     0  startup_stm32f40_41xxx.o(.text)
    TIM6_DAC_IRQHandler                      0x08000243   Thumb Code     0  startup_stm32f40_41xxx.o(.text)
    TIM7_IRQHandler                          0x08000243   Thumb Code     0  startup_stm32f40_41xxx.o(.text)
    TIM8_BRK_TIM12_IRQHandler                0x08000243   Thumb Code     0  startup_stm32f40_41xxx.o(.text)
    TIM8_CC_IRQHandler                       0x08000243   Thumb Code     0  startup_stm32f40_41xxx.o(.text)
    TIM8_TRG_COM_TIM14_IRQHandler            0x08000243   Thumb Code     0  startup_stm32f40_41xxx.o(.text)
    TIM8_UP_TIM13_IRQHandler                 0x08000243   Thumb Code     0  startup_stm32f40_41xxx.o(.text)
    UART4_IRQHandler                         0x08000243   Thumb Code     0  startup_stm32f40_41xxx.o(.text)
    UART5_IRQHandler                         0x08000243   Thumb Code     0  startup_stm32f40_41xxx.o(.text)
    USART1_IRQHandler                        0x08000243   Thumb Code     0  startup_stm32f40_41xxx.o(.text)
    USART2_IRQHandler                        0x08000243   Thumb Code     0  startup_stm32f40_41xxx.o(.text)
    USART3_IRQHandler                        0x08000243   Thumb Code     0  startup_stm32f40_41xxx.o(.text)
    USART6_IRQHandler                        0x08000243   Thumb Code     0  startup_stm32f40_41xxx.o(.text)
    WWDG_IRQHandler                          0x08000243   Thumb Code     0  startup_stm32f40_41xxx.o(.text)
    __user_initial_stackheap                 0x08000245   Thumb Code     0  startup_stm32f40_41xxx.o(.text)
    __aeabi_memcpy4                          0x08000269   Thumb Code     0  rt_memcpy_w.o(.text)
    __aeabi_memcpy8                          0x08000269   Thumb Code     0  rt_memcpy_w.o(.text)
    __rt_memcpy_w                            0x08000269   Thumb Code   100  rt_memcpy_w.o(.text)
    _memcpy_lastbytes_aligned                0x080002b1   Thumb Code     0  rt_memcpy_w.o(.text)
    __use_two_region_memory                  0x080002cd   Thumb Code     2  heapauxi.o(.text)
    __rt_heap_escrow$2region                 0x080002cf   Thumb Code     2  heapauxi.o(.text)
    __rt_heap_expand$2region                 0x080002d1   Thumb Code     2  heapauxi.o(.text)
    __user_setup_stackheap                   0x080002d3   Thumb Code    74  sys_stackheap_outer.o(.text)
    exit                                     0x0800031d   Thumb Code    18  exit.o(.text)
    __user_libspace                          0x08000331   Thumb Code     8  libspace.o(.text)
    __user_perproc_libspace                  0x08000331   Thumb Code     0  libspace.o(.text)
    __user_perthread_libspace                0x08000331   Thumb Code     0  libspace.o(.text)
    _sys_exit                                0x08000339   Thumb Code     8  sys_exit.o(.text)
    __I$use$semihosting                      0x08000345   Thumb Code     0  use_no_semi.o(.text)
    __use_no_semihosting_swi                 0x08000345   Thumb Code     2  use_no_semi.o(.text)
    __semihosting_library_function           0x08000347   Thumb Code     0  indicate_semi.o(.text)
    GPIO_Init                                0x08000349   Thumb Code   354  stm32f4xx_gpio.o(i.GPIO_Init)
    GPIO_PinAFConfig                         0x080004dd   Thumb Code   352  stm32f4xx_gpio.o(i.GPIO_PinAFConfig)
    GPIO_ToggleBits                          0x0800066d   Thumb Code    92  stm32f4xx_gpio.o(i.GPIO_ToggleBits)
    MA_DELAY_Init                            0x080006f9   Thumb Code    90  ma_delay.o(i.MA_DELAY_Init)
    MA_DELAY_ms                              0x08000761   Thumb Code    20  ma_delay.o(i.MA_DELAY_ms)
    MA_GPIO_GetPinSource                     0x08000779   Thumb Code    18  ma_gpio.o(i.MA_GPIO_GetPinSource)
    MA_GPIO_Init                             0x0800078b   Thumb Code    84  ma_gpio.o(i.MA_GPIO_Init)
    MA_GPIO_MultiInit                        0x080007df   Thumb Code    52  ma_gpio.o(i.MA_GPIO_MultiInit)
    MA_TIM_CalcPrescaler                     0x08000815   Thumb Code    44  ma_tim.o(i.MA_TIM_CalcPrescaler)
    MA_TIM_CompleteParameters                0x08000845   Thumb Code    44  ma_tim.o(i.MA_TIM_CompleteParameters)
    MA_TIM_ObtainAPBx                        0x08000871   Thumb Code    98  ma_tim.o(i.MA_TIM_ObtainAPBx)
    MA_TIM_TimeBaseInit                      0x08000909   Thumb Code    48  ma_tim.o(i.MA_TIM_TimeBaseInit)
    RCC_AHB1PeriphClockCmd                   0x08000939   Thumb Code    70  stm32f4xx_rcc.o(i.RCC_AHB1PeriphClockCmd)
    RCC_APB1PeriphClockCmd                   0x0800098d   Thumb Code    70  stm32f4xx_rcc.o(i.RCC_APB1PeriphClockCmd)
    RCC_APB1PeriphResetCmd                   0x080009e1   Thumb Code    70  stm32f4xx_rcc.o(i.RCC_APB1PeriphResetCmd)
    RCC_APB2PeriphResetCmd                   0x08000a35   Thumb Code    70  stm32f4xx_rcc.o(i.RCC_APB2PeriphResetCmd)
    SERVO_SetAngle                           0x08000a89   Thumb Code    42  ma_servo.o(i.SERVO_SetAngle)
    SysTick_Handler                          0x08000ba5   Thumb Code    18  ma_delay.o(i.SysTick_Handler)
    SystemInit                               0x08000bbd   Thumb Code    88  system_stm32f4xx.o(i.SystemInit)
    TIM_ARRPreloadConfig                     0x08000c25   Thumb Code   144  stm32f4xx_tim.o(i.TIM_ARRPreloadConfig)
    TIM_Cmd                                  0x08000ced   Thumb Code   144  stm32f4xx_tim.o(i.TIM_Cmd)
    TIM_DeInit                               0x08000db5   Thumb Code   440  stm32f4xx_tim.o(i.TIM_DeInit)
    TIM_OC1Init                              0x08000fa5   Thumb Code   400  stm32f4xx_tim.o(i.TIM_OC1Init)
    TIM_OC1PreloadConfig                     0x08001165   Thumb Code   124  stm32f4xx_tim.o(i.TIM_OC1PreloadConfig)
    TIM_TimeBaseInit                         0x08001211   Thumb Code   278  stm32f4xx_tim.o(i.TIM_TimeBaseInit)
    assert_failed                            0x08001361   Thumb Code     4  main.o(i.assert_failed)
    main                                     0x08001365   Thumb Code   364  main.o(i.main)
    _fp_init                                 0x080014e5   Thumb Code    10  fpinit.o(x$fpl$fpinit)
    __fplib_config_fpu_vfp                   0x080014ed   Thumb Code     0  fpinit.o(x$fpl$fpinit)
    __fplib_config_pureend_doubles           0x080014ed   Thumb Code     0  fpinit.o(x$fpl$fpinit)
    Region$$Table$$Base                      0x08001644   Number         0  anon$$obj.o(Region$$Table)
    Region$$Table$$Limit                     0x08001664   Number         0  anon$$obj.o(Region$$Table)
    delay_time                               0x20000000   Data           4  ma_delay.o(.data)
    SystemCoreClock                          0x20000004   Data           4  system_stm32f4xx.o(.data)
    AHBPrescTable                            0x20000008   Data          16  system_stm32f4xx.o(.data)
    __libspace_start                         0x20000018   Data          96  libspace.o(.bss)
    __temporary_stack_top$libspace           0x20000078   Data           0  libspace.o(.bss)



==============================================================================

Memory Map of the image

  Image Entry point : 0x08000229

  Load Region LR_1 (Base: 0x08000000, Size: 0x0000167c, Max: 0xffffffff, ABSOLUTE)

    Execution Region ER_RO (Exec base: 0x08000000, Load base: 0x08000000, Size: 0x00001664, Max: 0xffffffff, ABSOLUTE)

    Exec Addr    Load Addr    Size         Type   Attr      Idx    E Section Name        Object

    0x08000000   0x08000000   0x00000188   Data   RO         1321    RESET               startup_stm32f40_41xxx.o
    0x08000188   0x08000188   0x00000008   Code   RO         1373  * !!!main             c_w.l(__main.o)
    0x08000190   0x08000190   0x00000034   Code   RO         1530    !!!scatter          c_w.l(__scatter.o)
    0x080001c4   0x080001c4   0x0000001a   Code   RO         1532    !!handler_copy      c_w.l(__scatter_copy.o)
    0x080001de   0x080001de   0x00000002   PAD
    0x080001e0   0x080001e0   0x0000001c   Code   RO         1534    !!handler_zi        c_w.l(__scatter_zi.o)
    0x080001fc   0x080001fc   0x00000002   Code   RO         1400    .ARM.Collect$$libinit$$00000000  c_w.l(libinit.o)
    0x080001fe   0x080001fe   0x00000004   Code   RO         1406    .ARM.Collect$$libinit$$00000001  c_w.l(libinit2.o)
    0x08000202   0x08000202   0x00000000   Code   RO         1409    .ARM.Collect$$libinit$$00000004  c_w.l(libinit2.o)
    0x08000202   0x08000202   0x00000000   Code   RO         1412    .ARM.Collect$$libinit$$0000000A  c_w.l(libinit2.o)
    0x08000202   0x08000202   0x00000000   Code   RO         1414    .ARM.Collect$$libinit$$0000000C  c_w.l(libinit2.o)
    0x08000202   0x08000202   0x00000000   Code   RO         1416    .ARM.Collect$$libinit$$0000000E  c_w.l(libinit2.o)
    0x08000202   0x08000202   0x00000000   Code   RO         1419    .ARM.Collect$$libinit$$00000011  c_w.l(libinit2.o)
    0x08000202   0x08000202   0x00000000   Code   RO         1421    .ARM.Collect$$libinit$$00000013  c_w.l(libinit2.o)
    0x08000202   0x08000202   0x00000000   Code   RO         1423    .ARM.Collect$$libinit$$00000015  c_w.l(libinit2.o)
    0x08000202   0x08000202   0x00000000   Code   RO         1425    .ARM.Collect$$libinit$$00000017  c_w.l(libinit2.o)
    0x08000202   0x08000202   0x00000000   Code   RO         1427    .ARM.Collect$$libinit$$00000019  c_w.l(libinit2.o)
    0x08000202   0x08000202   0x00000000   Code   RO         1429    .ARM.Collect$$libinit$$0000001B  c_w.l(libinit2.o)
    0x08000202   0x08000202   0x00000000   Code   RO         1431    .ARM.Collect$$libinit$$0000001D  c_w.l(libinit2.o)
    0x08000202   0x08000202   0x00000000   Code   RO         1433    .ARM.Collect$$libinit$$0000001F  c_w.l(libinit2.o)
    0x08000202   0x08000202   0x00000000   Code   RO         1435    .ARM.Collect$$libinit$$00000021  c_w.l(libinit2.o)
    0x08000202   0x08000202   0x00000000   Code   RO         1437    .ARM.Collect$$libinit$$00000023  c_w.l(libinit2.o)
    0x08000202   0x08000202   0x00000000   Code   RO         1439    .ARM.Collect$$libinit$$00000025  c_w.l(libinit2.o)
    0x08000202   0x08000202   0x00000000   Code   RO         1443    .ARM.Collect$$libinit$$0000002C  c_w.l(libinit2.o)
    0x08000202   0x08000202   0x00000000   Code   RO         1445    .ARM.Collect$$libinit$$0000002E  c_w.l(libinit2.o)
    0x08000202   0x08000202   0x00000000   Code   RO         1447    .ARM.Collect$$libinit$$00000030  c_w.l(libinit2.o)
    0x08000202   0x08000202   0x00000000   Code   RO         1449    .ARM.Collect$$libinit$$00000032  c_w.l(libinit2.o)
    0x08000202   0x08000202   0x00000002   Code   RO         1450    .ARM.Collect$$libinit$$00000033  c_w.l(libinit2.o)
    0x08000204   0x08000204   0x00000002   Code   RO         1470    .ARM.Collect$$libshutdown$$00000000  c_w.l(libshutdown.o)
    0x08000206   0x08000206   0x00000000   Code   RO         1483    .ARM.Collect$$libshutdown$$00000002  c_w.l(libshutdown2.o)
    0x08000206   0x08000206   0x00000000   Code   RO         1485    .ARM.Collect$$libshutdown$$00000004  c_w.l(libshutdown2.o)
    0x08000206   0x08000206   0x00000000   Code   RO         1488    .ARM.Collect$$libshutdown$$00000007  c_w.l(libshutdown2.o)
    0x08000206   0x08000206   0x00000000   Code   RO         1491    .ARM.Collect$$libshutdown$$0000000A  c_w.l(libshutdown2.o)
    0x08000206   0x08000206   0x00000000   Code   RO         1493    .ARM.Collect$$libshutdown$$0000000C  c_w.l(libshutdown2.o)
    0x08000206   0x08000206   0x00000000   Code   RO         1496    .ARM.Collect$$libshutdown$$0000000F  c_w.l(libshutdown2.o)
    0x08000206   0x08000206   0x00000002   Code   RO         1497    .ARM.Collect$$libshutdown$$00000010  c_w.l(libshutdown2.o)
    0x08000208   0x08000208   0x00000000   Code   RO         1375    .ARM.Collect$$rtentry$$00000000  c_w.l(__rtentry.o)
    0x08000208   0x08000208   0x00000000   Code   RO         1377    .ARM.Collect$$rtentry$$00000002  c_w.l(__rtentry2.o)
    0x08000208   0x08000208   0x00000006   Code   RO         1389    .ARM.Collect$$rtentry$$00000004  c_w.l(__rtentry4.o)
    0x0800020e   0x0800020e   0x00000000   Code   RO         1379    .ARM.Collect$$rtentry$$00000009  c_w.l(__rtentry2.o)
    0x0800020e   0x0800020e   0x00000004   Code   RO         1380    .ARM.Collect$$rtentry$$0000000A  c_w.l(__rtentry2.o)
    0x08000212   0x08000212   0x00000000   Code   RO         1382    .ARM.Collect$$rtentry$$0000000C  c_w.l(__rtentry2.o)
    0x08000212   0x08000212   0x00000008   Code   RO         1383    .ARM.Collect$$rtentry$$0000000D  c_w.l(__rtentry2.o)
    0x0800021a   0x0800021a   0x00000002   Code   RO         1404    .ARM.Collect$$rtexit$$00000000  c_w.l(rtexit.o)
    0x0800021c   0x0800021c   0x00000000   Code   RO         1452    .ARM.Collect$$rtexit$$00000002  c_w.l(rtexit2.o)
    0x0800021c   0x0800021c   0x00000004   Code   RO         1453    .ARM.Collect$$rtexit$$00000003  c_w.l(rtexit2.o)
    0x08000220   0x08000220   0x00000006   Code   RO         1454    .ARM.Collect$$rtexit$$00000004  c_w.l(rtexit2.o)
    0x08000226   0x08000226   0x00000002   PAD
    0x08000228   0x08000228   0x00000040   Code   RO         1322  * .text               startup_stm32f40_41xxx.o
    0x08000268   0x08000268   0x00000064   Code   RO         1369    .text               c_w.l(rt_memcpy_w.o)
    0x080002cc   0x080002cc   0x00000006   Code   RO         1371    .text               c_w.l(heapauxi.o)
    0x080002d2   0x080002d2   0x0000004a   Code   RO         1391    .text               c_w.l(sys_stackheap_outer.o)
    0x0800031c   0x0800031c   0x00000012   Code   RO         1393    .text               c_w.l(exit.o)
    0x0800032e   0x0800032e   0x00000002   PAD
    0x08000330   0x08000330   0x00000008   Code   RO         1401    .text               c_w.l(libspace.o)
    0x08000338   0x08000338   0x0000000c   Code   RO         1462    .text               c_w.l(sys_exit.o)
    0x08000344   0x08000344   0x00000002   Code   RO         1473    .text               c_w.l(use_no_semi.o)
    0x08000346   0x08000346   0x00000000   Code   RO         1475    .text               c_w.l(indicate_semi.o)
    0x08000346   0x08000346   0x00000002   PAD
    0x08000348   0x08000348   0x00000194   Code   RO          320    i.GPIO_Init         stm32f4xx_gpio.o
    0x080004dc   0x080004dc   0x00000190   Code   RO          321    i.GPIO_PinAFConfig  stm32f4xx_gpio.o
    0x0800066c   0x0800066c   0x0000008c   Code   RO          330    i.GPIO_ToggleBits   stm32f4xx_gpio.o
    0x080006f8   0x080006f8   0x00000068   Code   RO           99    i.MA_DELAY_Init     ma_delay.o
    0x08000760   0x08000760   0x00000018   Code   RO          100    i.MA_DELAY_ms       ma_delay.o
    0x08000778   0x08000778   0x00000012   Code   RO          180    i.MA_GPIO_GetPinSource  ma_gpio.o
    0x0800078a   0x0800078a   0x00000054   Code   RO          182    i.MA_GPIO_Init      ma_gpio.o
    0x080007de   0x080007de   0x00000034   Code   RO          183    i.MA_GPIO_MultiInit  ma_gpio.o
    0x08000812   0x08000812   0x00000002   PAD
    0x08000814   0x08000814   0x00000030   Code   RO          225    i.MA_TIM_CalcPrescaler  ma_tim.o
    0x08000844   0x08000844   0x0000002c   Code   RO          226    i.MA_TIM_CompleteParameters  ma_tim.o
    0x08000870   0x08000870   0x00000098   Code   RO          227    i.MA_TIM_ObtainAPBx  ma_tim.o
    0x08000908   0x08000908   0x00000030   Code   RO          228    i.MA_TIM_TimeBaseInit  ma_tim.o
    0x08000938   0x08000938   0x00000054   Code   RO          422    i.RCC_AHB1PeriphClockCmd  stm32f4xx_rcc.o
    0x0800098c   0x0800098c   0x00000054   Code   RO          431    i.RCC_APB1PeriphClockCmd  stm32f4xx_rcc.o
    0x080009e0   0x080009e0   0x00000054   Code   RO          433    i.RCC_APB1PeriphResetCmd  stm32f4xx_rcc.o
    0x08000a34   0x08000a34   0x00000054   Code   RO          436    i.RCC_APB2PeriphResetCmd  stm32f4xx_rcc.o
    0x08000a88   0x08000a88   0x00000030   Code   RO          145    i.SERVO_SetAngle    ma_servo.o
    0x08000ab8   0x08000ab8   0x000000ec   Code   RO         1329    i.SetSysClock       system_stm32f4xx.o
    0x08000ba4   0x08000ba4   0x00000018   Code   RO          101    i.SysTick_Handler   ma_delay.o
    0x08000bbc   0x08000bbc   0x00000068   Code   RO         1331    i.SystemInit        system_stm32f4xx.o
    0x08000c24   0x08000c24   0x000000c8   Code   RO          759    i.TIM_ARRPreloadConfig  stm32f4xx_tim.o
    0x08000cec   0x08000cec   0x000000c8   Code   RO          771    i.TIM_Cmd           stm32f4xx_tim.o
    0x08000db4   0x08000db4   0x000001f0   Code   RO          776    i.TIM_DeInit        stm32f4xx_tim.o
    0x08000fa4   0x08000fa4   0x000001c0   Code   RO          800    i.TIM_OC1Init       stm32f4xx_tim.o
    0x08001164   0x08001164   0x000000ac   Code   RO          803    i.TIM_OC1PreloadConfig  stm32f4xx_tim.o
    0x08001210   0x08001210   0x00000150   Code   RO          843    i.TIM_TimeBaseInit  stm32f4xx_tim.o
    0x08001360   0x08001360   0x00000004   Code   RO            4    i.assert_failed     main.o
    0x08001364   0x08001364   0x00000180   Code   RO            5    i.main              main.o
    0x080014e4   0x080014e4   0x0000000a   Code   RO         1460    x$fpl$fpinit        fz_wm.l(fpinit.o)
    0x080014ee   0x080014ee   0x00000002   PAD
    0x080014f0   0x080014f0   0x00000071   Data   RO          333    .conststring        stm32f4xx_gpio.o
    0x08001561   0x08001561   0x00000003   PAD
    0x08001564   0x08001564   0x00000070   Data   RO          474    .conststring        stm32f4xx_rcc.o
    0x080015d4   0x080015d4   0x00000070   Data   RO          847    .conststring        stm32f4xx_tim.o
    0x08001644   0x08001644   0x00000020   Data   RO         1528    Region$$Table       anon$$obj.o


    Execution Region ER_RW (Exec base: 0x20000000, Load base: 0x08001664, Size: 0x00000018, Max: 0xffffffff, ABSOLUTE)

    Exec Addr    Load Addr    Size         Type   Attr      Idx    E Section Name        Object

    0x20000000   0x08001664   0x00000004   Data   RW          102    .data               ma_delay.o
    0x20000004   0x08001668   0x00000014   Data   RW         1332    .data               system_stm32f4xx.o


    Execution Region ER_ZI (Exec base: 0x20000018, Load base: 0x0800167c, Size: 0x00000660, Max: 0xffffffff, ABSOLUTE)

    Exec Addr    Load Addr    Size         Type   Attr      Idx    E Section Name        Object

    0x20000018        -       0x00000060   Zero   RW         1402    .bss                c_w.l(libspace.o)
    0x20000078        -       0x00000200   Zero   RW         1320    HEAP                startup_stm32f40_41xxx.o
    0x20000278        -       0x00000400   Zero   RW         1319    STACK               startup_stm32f40_41xxx.o


==============================================================================

Image component sizes


      Code (inc. data)   RO Data    RW Data    ZI Data      Debug   Object Name

       152         24          0          4          0      32492   ma_delay.o
       154          0          0          0          0       2362   ma_gpio.o
        48          6          0          0          0       1525   ma_servo.o
       292         58          0          0          0       3553   ma_tim.o
       388         20          0          0          0     281111   main.o
        64         26        392          0       1536        884   startup_stm32f40_41xxx.o
       944        146        113          0          0       3421   stm32f4xx_gpio.o
       336         56        112          0          0       3060   stm32f4xx_rcc.o
      1852        322        112          0          0       6186   stm32f4xx_tim.o
       340         32          0         20          0       2133   system_stm32f4xx.o

    ----------------------------------------------------------------------
      4572        690        764         24       1536     336727   Object Totals
         0          0         32          0          0          0   (incl. Generated)
         2          0          3          0          0          0   (incl. Padding)

    ----------------------------------------------------------------------

      Code (inc. data)   RO Data    RW Data    ZI Data      Debug   Library Member Name

         8          0          0          0          0         68   __main.o
         0          0          0          0          0          0   __rtentry.o
        12          0          0          0          0          0   __rtentry2.o
         6          0          0          0          0          0   __rtentry4.o
        52          8          0          0          0          0   __scatter.o
        26          0          0          0          0          0   __scatter_copy.o
        28          0          0          0          0          0   __scatter_zi.o
        18          0          0          0          0         80   exit.o
         6          0          0          0          0        152   heapauxi.o
         0          0          0          0          0          0   indicate_semi.o
         2          0          0          0          0          0   libinit.o
         6          0          0          0          0          0   libinit2.o
         2          0          0          0          0          0   libshutdown.o
         2          0          0          0          0          0   libshutdown2.o
         8          4          0          0         96         68   libspace.o
       100          0          0          0          0         80   rt_memcpy_w.o
         2          0          0          0          0          0   rtexit.o
        10          0          0          0          0          0   rtexit2.o
        12          4          0          0          0         68   sys_exit.o
        74          0          0          0          0         80   sys_stackheap_outer.o
         2          0          0          0          0         68   use_no_semi.o
        10          0          0          0          0        116   fpinit.o

    ----------------------------------------------------------------------
       396         16          0          0         96        780   Library Totals
        10          0          0          0          0          0   (incl. Padding)

    ----------------------------------------------------------------------

      Code (inc. data)   RO Data    RW Data    ZI Data      Debug   Library Name

       376         16          0          0         96        664   c_w.l
        10          0          0          0          0        116   fz_wm.l

    ----------------------------------------------------------------------
       396         16          0          0         96        780   Library Totals

    ----------------------------------------------------------------------

==============================================================================


      Code (inc. data)   RO Data    RW Data    ZI Data      Debug   

      4968        706        764         24       1632     334999   Grand Totals
      4968        706        764         24       1632     334999   ELF Image Totals
      4968        706        764         24          0          0   ROM Totals

==============================================================================

    Total RO  Size (Code + RO Data)                 5732 (   5.60kB)
    Total RW  Size (RW Data + ZI Data)              1656 (   1.62kB)
    Total ROM Size (Code + RO Data + RW Data)       5756 (   5.62kB)

==============================================================================

